[17:35:08] === resnet-152 @ 448 ===
[17:35:09] resnet-152: source=microsoft/resnet-152 depths=(3, 8, 36, 3) encoder_tensors=930 matched=930 missing=0 (100% matched)
[17:35:09] params total=109.91M trainable=109.91M amp=bf16
[17:35:11] auto batch_size = 8
[17:35:37]   ep1 step50/100 g50 loss=0.16823 lr=5.10e-05 0.52s/it
[17:36:02]   ep1 step100/100 g100 loss=0.14613 lr=1.01e-04 0.50s/it
[17:36:04] epoch 1/40 train_l1=0.14613 val_l1=0.17159 val_psnr=13.362 val_ssim=0.4217 elapsed=0.9m
[17:36:30]   ep2 step50/100 g150 loss=0.12814 lr=1.51e-04 0.53s/it
[17:36:55]   ep2 step100/100 g200 loss=0.12021 lr=2.00e-04 0.52s/it
[17:36:57] epoch 2/40 train_l1=0.12021 val_l1=0.10146 val_psnr=17.686 val_ssim=0.5534 elapsed=1.8m
[17:37:24]   ep3 step50/100 g250 loss=0.10346 lr=2.00e-04 0.53s/it
[17:37:48]   ep3 step100/100 g300 loss=0.09961 lr=2.00e-04 0.52s/it
[17:37:51] epoch 3/40 train_l1=0.09961 val_l1=0.10112 val_psnr=17.707 val_ssim=0.5844 elapsed=2.7m
[17:38:17]   ep4 step50/100 g350 loss=0.08989 lr=1.99e-04 0.53s/it
[17:38:42]   ep4 step100/100 g400 loss=0.09095 lr=1.99e-04 0.53s/it
[17:38:44] epoch 4/40 train_l1=0.09095 val_l1=0.08045 val_psnr=19.499 val_ssim=0.6073 elapsed=3.6m
[17:39:11]   ep5 step50/100 g450 loss=0.08761 lr=1.98e-04 0.53s/it
[17:39:36]   ep5 step100/100 g500 loss=0.08399 lr=1.97e-04 0.53s/it
[17:39:38] epoch 5/40 train_l1=0.08399 val_l1=0.07364 val_psnr=20.151 val_ssim=0.6285 elapsed=4.4m
[17:40:05]   ep6 step50/100 g550 loss=0.08892 lr=1.96e-04 0.54s/it
[17:40:30]   ep6 step100/100 g600 loss=0.08361 lr=1.95e-04 0.53s/it
[17:40:32] epoch 6/40 train_l1=0.08361 val_l1=0.07607 val_psnr=19.967 val_ssim=0.6385 elapsed=5.4m
[17:40:58]   ep7 step50/100 g650 loss=0.07899 lr=1.93e-04 0.53s/it
[17:41:23]   ep7 step100/100 g700 loss=0.07614 lr=1.92e-04 0.53s/it
[17:41:25] epoch 7/40 train_l1=0.07614 val_l1=0.06933 val_psnr=20.519 val_ssim=0.6517 elapsed=6.2m
[17:41:52]   ep8 step50/100 g750 loss=0.07194 lr=1.90e-04 0.53s/it
[17:42:17]   ep8 step100/100 g800 loss=0.07238 lr=1.88e-04 0.53s/it
[17:42:19] epoch 8/40 train_l1=0.07238 val_l1=0.06402 val_psnr=21.129 val_ssim=0.6649 elapsed=7.1m
[17:42:46]   ep9 step50/100 g850 loss=0.06866 lr=1.86e-04 0.54s/it
[17:43:11]   ep9 step100/100 g900 loss=0.06888 lr=1.84e-04 0.53s/it
[17:43:13] epoch 9/40 train_l1=0.06888 val_l1=0.06849 val_psnr=20.689 val_ssim=0.6637 elapsed=8.0m
[17:43:39]   ep10 step50/100 g950 loss=0.06741 lr=1.81e-04 0.53s/it
[17:44:04]   ep10 step100/100 g1000 loss=0.06590 lr=1.79e-04 0.53s/it
[17:44:06] epoch 10/40 train_l1=0.06590 val_l1=0.06690 val_psnr=20.855 val_ssim=0.6746 elapsed=8.9m
[17:44:32]   ep11 step50/100 g1050 loss=0.06542 lr=1.76e-04 0.53s/it
[17:44:57]   ep11 step100/100 g1100 loss=0.06691 lr=1.74e-04 0.53s/it
[17:44:59] epoch 11/40 train_l1=0.06691 val_l1=0.06750 val_psnr=20.891 val_ssim=0.6779 elapsed=9.8m
[17:45:26]   ep12 step50/100 g1150 loss=0.06430 lr=1.71e-04 0.53s/it
[17:45:51]   ep12 step100/100 g1200 loss=0.06522 lr=1.68e-04 0.53s/it
[17:45:53] epoch 12/40 train_l1=0.06522 val_l1=0.05868 val_psnr=21.871 val_ssim=0.6873 elapsed=10.7m
[17:46:20]   ep13 step50/100 g1250 loss=0.06211 lr=1.65e-04 0.54s/it
[17:46:45]   ep13 step100/100 g1300 loss=0.06240 lr=1.61e-04 0.53s/it
[17:46:48] epoch 13/40 train_l1=0.06240 val_l1=0.05918 val_psnr=21.718 val_ssim=0.6919 elapsed=11.6m
[17:47:14]   ep14 step50/100 g1350 loss=0.06444 lr=1.58e-04 0.54s/it
[17:47:39]   ep14 step100/100 g1400 loss=0.06446 lr=1.55e-04 0.53s/it
[17:47:41] epoch 14/40 train_l1=0.06446 val_l1=0.05721 val_psnr=22.022 val_ssim=0.6914 elapsed=12.5m
[17:48:07]   ep15 step50/100 g1450 loss=0.06066 lr=1.51e-04 0.54s/it
[17:48:32]   ep15 step100/100 g1500 loss=0.05999 lr=1.48e-04 0.53s/it
[17:48:34] epoch 15/40 train_l1=0.05999 val_l1=0.05717 val_psnr=22.051 val_ssim=0.7004 elapsed=13.4m
[17:49:02]   ep16 step50/100 g1550 loss=0.05972 lr=1.44e-04 0.54s/it
[17:49:27]   ep16 step100/100 g1600 loss=0.06031 lr=1.40e-04 0.53s/it
[17:49:29] epoch 16/40 train_l1=0.06031 val_l1=0.05903 val_psnr=21.778 val_ssim=0.6995 elapsed=14.3m
[17:49:55]   ep17 step50/100 g1650 loss=0.05795 lr=1.36e-04 0.54s/it
[17:50:20]   ep17 step100/100 g1700 loss=0.05841 lr=1.32e-04 0.53s/it
[17:50:22] epoch 17/40 train_l1=0.05841 val_l1=0.05812 val_psnr=21.962 val_ssim=0.7018 elapsed=15.2m
[17:50:48]   ep18 step50/100 g1750 loss=0.05879 lr=1.29e-04 0.54s/it
[17:51:13]   ep18 step100/100 g1800 loss=0.05882 lr=1.25e-04 0.53s/it
[17:51:15] epoch 18/40 train_l1=0.05882 val_l1=0.05441 val_psnr=22.410 val_ssim=0.7072 elapsed=16.1m
[17:51:42]   ep19 step50/100 g1850 loss=0.05795 lr=1.21e-04 0.54s/it
[17:52:07]   ep19 step100/100 g1900 loss=0.05749 lr=1.16e-04 0.53s/it
[17:52:09] epoch 19/40 train_l1=0.05749 val_l1=0.05626 val_psnr=22.145 val_ssim=0.7099 elapsed=17.0m
[17:52:36]   ep20 step50/100 g1950 loss=0.05658 lr=1.12e-04 0.54s/it
[17:53:01]   ep20 step100/100 g2000 loss=0.05662 lr=1.08e-04 0.53s/it
[17:53:03] epoch 20/40 train_l1=0.05662 val_l1=0.05325 val_psnr=22.550 val_ssim=0.7101 elapsed=17.9m
[17:53:30]   ep21 step50/100 g2050 loss=0.05777 lr=1.04e-04 0.54s/it
[17:53:55]   ep21 step100/100 g2100 loss=0.05649 lr=1.00e-04 0.54s/it
[17:53:57] epoch 21/40 train_l1=0.05649 val_l1=0.05482 val_psnr=22.366 val_ssim=0.7114 elapsed=18.8m
[17:54:23]   ep22 step50/100 g2150 loss=0.05571 lr=9.59e-05 0.54s/it
[17:54:49]   ep22 step100/100 g2200 loss=0.05432 lr=9.17e-05 0.54s/it
[17:54:51] epoch 22/40 train_l1=0.05432 val_l1=0.05088 val_psnr=22.746 val_ssim=0.7184 elapsed=19.7m
[17:55:19]   ep23 step50/100 g2250 loss=0.05540 lr=8.76e-05 0.54s/it
[17:55:44]   ep23 step100/100 g2300 loss=0.05478 lr=8.35e-05 0.54s/it
[17:55:46] epoch 23/40 train_l1=0.05478 val_l1=0.05322 val_psnr=22.645 val_ssim=0.7181 elapsed=20.6m
[17:56:13]   ep24 step50/100 g2350 loss=0.05478 lr=7.95e-05 0.54s/it
[17:56:38]   ep24 step100/100 g2400 loss=0.05341 lr=7.55e-05 0.54s/it
[17:56:40] epoch 24/40 train_l1=0.05341 val_l1=0.05023 val_psnr=22.931 val_ssim=0.7219 elapsed=21.5m
[17:57:08]   ep25 step50/100 g2450 loss=0.05303 lr=7.15e-05 0.54s/it
[17:57:33]   ep25 step100/100 g2500 loss=0.05213 lr=6.75e-05 0.54s/it
[17:57:35] epoch 25/40 train_l1=0.05213 val_l1=0.05120 val_psnr=22.776 val_ssim=0.7219 elapsed=22.4m
[17:58:01]   ep26 step50/100 g2550 loss=0.05453 lr=6.36e-05 0.54s/it
[17:58:26]   ep26 step100/100 g2600 loss=0.05280 lr=5.98e-05 0.54s/it
[17:58:29] epoch 26/40 train_l1=0.05280 val_l1=0.04952 val_psnr=23.027 val_ssim=0.7227 elapsed=23.3m
[17:58:56]   ep27 step50/100 g2650 loss=0.05106 lr=5.61e-05 0.54s/it
[17:59:21]   ep27 step100/100 g2700 loss=0.05172 lr=5.24e-05 0.54s/it
[17:59:23] epoch 27/40 train_l1=0.05172 val_l1=0.04989 val_psnr=22.965 val_ssim=0.7255 elapsed=24.2m
[17:59:50]   ep28 step50/100 g2750 loss=0.05010 lr=4.88e-05 0.54s/it
[18:00:15]   ep28 step100/100 g2800 loss=0.05023 lr=4.53e-05 0.54s/it
[18:00:18] epoch 28/40 train_l1=0.05023 val_l1=0.04917 val_psnr=23.007 val_ssim=0.7261 elapsed=25.1m
[18:00:45]   ep29 step50/100 g2850 loss=0.05004 lr=4.19e-05 0.54s/it
[18:01:10]   ep29 step100/100 g2900 loss=0.05058 lr=3.86e-05 0.54s/it
[18:01:13] epoch 29/40 train_l1=0.05058 val_l1=0.04842 val_psnr=23.103 val_ssim=0.7253 elapsed=26.0m
[18:01:40]   ep30 step50/100 g2950 loss=0.04925 lr=3.54e-05 0.54s/it
[18:02:06]   ep30 step100/100 g3000 loss=0.04938 lr=3.23e-05 0.54s/it
[18:02:08] epoch 30/40 train_l1=0.04938 val_l1=0.04921 val_psnr=23.104 val_ssim=0.7248 elapsed=27.0m
[18:02:35]   ep31 step50/100 g3050 loss=0.04845 lr=2.93e-05 0.54s/it
[18:03:00]   ep31 step100/100 g3100 loss=0.04957 lr=2.64e-05 0.54s/it
[18:03:02] epoch 31/40 train_l1=0.04957 val_l1=0.04787 val_psnr=23.249 val_ssim=0.7297 elapsed=27.9m
[18:03:30]   ep32 step50/100 g3150 loss=0.04812 lr=2.37e-05 0.54s/it
[18:03:55]   ep32 step100/100 g3200 loss=0.04880 lr=2.11e-05 0.54s/it
[18:03:57] epoch 32/40 train_l1=0.04880 val_l1=0.04752 val_psnr=23.194 val_ssim=0.7301 elapsed=28.8m
[18:04:25]   ep33 step50/100 g3250 loss=0.04791 lr=1.86e-05 0.54s/it
[18:04:50]   ep33 step100/100 g3300 loss=0.04823 lr=1.63e-05 0.54s/it
[18:04:52] epoch 33/40 train_l1=0.04823 val_l1=0.04707 val_psnr=23.293 val_ssim=0.7295 elapsed=29.7m
[18:05:20]   ep34 step50/100 g3350 loss=0.04753 lr=1.41e-05 0.54s/it
[18:05:45]   ep34 step100/100 g3400 loss=0.04818 lr=1.21e-05 0.54s/it
[18:05:47] epoch 34/40 train_l1=0.04818 val_l1=0.04706 val_psnr=23.303 val_ssim=0.7296 elapsed=30.6m
[18:06:14]   ep35 step50/100 g3450 loss=0.04800 lr=1.02e-05 0.54s/it
[18:06:40]   ep35 step100/100 g3500 loss=0.04832 lr=8.42e-06 0.54s/it
[18:06:42] epoch 35/40 train_l1=0.04832 val_l1=0.04692 val_psnr=23.293 val_ssim=0.7315 elapsed=31.5m
[18:07:09]   ep36 step50/100 g3550 loss=0.04824 lr=6.84e-06 0.54s/it
[18:07:34]   ep36 step100/100 g3600 loss=0.04769 lr=5.42e-06 0.54s/it
[18:07:36] epoch 36/40 train_l1=0.04769 val_l1=0.04750 val_psnr=23.253 val_ssim=0.7312 elapsed=32.4m
[18:08:03]   ep37 step50/100 g3650 loss=0.04666 lr=4.16e-06 0.54s/it
[18:08:28]   ep37 step100/100 g3700 loss=0.04708 lr=3.06e-06 0.54s/it
[18:08:30] epoch 37/40 train_l1=0.04708 val_l1=0.04698 val_psnr=23.319 val_ssim=0.7322 elapsed=33.3m
[18:08:57]   ep38 step50/100 g3750 loss=0.04695 lr=2.13e-06 0.54s/it
[18:09:22]   ep38 step100/100 g3800 loss=0.04702 lr=1.36e-06 0.54s/it
[18:09:24] epoch 38/40 train_l1=0.04702 val_l1=0.04690 val_psnr=23.325 val_ssim=0.7320 elapsed=34.2m
[18:09:51]   ep39 step50/100 g3850 loss=0.04792 lr=7.68e-07 0.54s/it
[18:10:16]   ep39 step100/100 g3900 loss=0.04714 lr=3.42e-07 0.54s/it
[18:10:19] epoch 39/40 train_l1=0.04714 val_l1=0.04682 val_psnr=23.347 val_ssim=0.7312 elapsed=35.1m
[18:10:46]   ep40 step50/100 g3950 loss=0.04686 lr=8.54e-08 0.54s/it
[18:11:11]   ep40 step100/100 g4000 loss=0.04699 lr=0.00e+00 0.54s/it
[18:11:13] epoch 40/40 train_l1=0.04699 val_l1=0.04666 val_psnr=23.352 val_ssim=0.7309 elapsed=36.0m
[18:11:15] DONE best_val_l1=0.04666 total=36.1m
