[16:22:06] === resnet-34 @ 448 ===
[16:22:08] resnet-34: source=microsoft/resnet-34 depths=(3, 4, 6, 3) encoder_tensors=216 matched=216 missing=0 (100% matched)
[16:22:08] params total=33.62M trainable=33.62M amp=bf16
[16:22:09] auto batch_size = 8
[16:22:23]   ep1 step50/100 g50 loss=0.17032 lr=5.10e-05 0.28s/it
[16:22:37]   ep1 step100/100 g100 loss=0.15119 lr=1.01e-04 0.27s/it
[16:22:38] epoch 1/40 train_l1=0.15119 val_l1=0.11557 val_psnr=16.645 val_ssim=0.4672 elapsed=0.5m
[16:22:52]   ep2 step50/100 g150 loss=0.11479 lr=1.51e-04 0.29s/it
[16:23:05]   ep2 step100/100 g200 loss=0.11255 lr=2.00e-04 0.28s/it
[16:23:07] epoch 2/40 train_l1=0.11255 val_l1=0.10946 val_psnr=16.984 val_ssim=0.5498 elapsed=1.0m
[16:23:21]   ep3 step50/100 g250 loss=0.10280 lr=2.00e-04 0.29s/it
[16:23:34]   ep3 step100/100 g300 loss=0.09840 lr=2.00e-04 0.28s/it
[16:23:35] epoch 3/40 train_l1=0.09840 val_l1=0.08602 val_psnr=19.063 val_ssim=0.6174 elapsed=1.4m
[16:23:49]   ep4 step50/100 g350 loss=0.09377 lr=1.99e-04 0.29s/it
[16:24:02]   ep4 step100/100 g400 loss=0.08786 lr=1.99e-04 0.28s/it
[16:24:04] epoch 4/40 train_l1=0.08786 val_l1=0.07451 val_psnr=20.025 val_ssim=0.6250 elapsed=1.9m
[16:24:18]   ep5 step50/100 g450 loss=0.08317 lr=1.98e-04 0.29s/it
[16:24:31]   ep5 step100/100 g500 loss=0.07897 lr=1.97e-04 0.28s/it
[16:24:32] epoch 5/40 train_l1=0.07897 val_l1=0.07459 val_psnr=20.076 val_ssim=0.6482 elapsed=2.4m
[16:24:46]   ep6 step50/100 g550 loss=0.08598 lr=1.96e-04 0.28s/it
[16:24:59]   ep6 step100/100 g600 loss=0.08039 lr=1.95e-04 0.28s/it
[16:25:00] epoch 6/40 train_l1=0.08039 val_l1=0.06658 val_psnr=20.938 val_ssim=0.6574 elapsed=2.8m
[16:25:14]   ep7 step50/100 g650 loss=0.07566 lr=1.93e-04 0.28s/it
[16:25:27]   ep7 step100/100 g700 loss=0.07533 lr=1.92e-04 0.28s/it
[16:25:28] epoch 7/40 train_l1=0.07533 val_l1=0.06366 val_psnr=21.322 val_ssim=0.6691 elapsed=3.3m
[16:25:42]   ep8 step50/100 g750 loss=0.06795 lr=1.90e-04 0.28s/it
[16:25:56]   ep8 step100/100 g800 loss=0.06900 lr=1.88e-04 0.28s/it
[16:25:57] epoch 8/40 train_l1=0.06900 val_l1=0.06984 val_psnr=20.599 val_ssim=0.6668 elapsed=3.8m
[16:26:11]   ep9 step50/100 g850 loss=0.06709 lr=1.86e-04 0.28s/it
[16:26:24]   ep9 step100/100 g900 loss=0.06790 lr=1.84e-04 0.28s/it
[16:26:25] epoch 9/40 train_l1=0.06790 val_l1=0.06441 val_psnr=21.130 val_ssim=0.6694 elapsed=4.3m
[16:26:39]   ep10 step50/100 g950 loss=0.06485 lr=1.81e-04 0.28s/it
[16:26:52]   ep10 step100/100 g1000 loss=0.06497 lr=1.79e-04 0.28s/it
[16:26:53] epoch 10/40 train_l1=0.06497 val_l1=0.06023 val_psnr=21.748 val_ssim=0.6824 elapsed=4.7m
[16:27:07]   ep11 step50/100 g1050 loss=0.06555 lr=1.76e-04 0.28s/it
[16:27:20]   ep11 step100/100 g1100 loss=0.06361 lr=1.74e-04 0.28s/it
[16:27:21] epoch 11/40 train_l1=0.06361 val_l1=0.05934 val_psnr=21.746 val_ssim=0.6893 elapsed=5.2m
[16:27:35]   ep12 step50/100 g1150 loss=0.06173 lr=1.71e-04 0.28s/it
[16:27:49]   ep12 step100/100 g1200 loss=0.06136 lr=1.68e-04 0.28s/it
[16:27:50] epoch 12/40 train_l1=0.06136 val_l1=0.05849 val_psnr=21.906 val_ssim=0.6917 elapsed=5.7m
[16:28:04]   ep13 step50/100 g1250 loss=0.06152 lr=1.65e-04 0.28s/it
[16:28:17]   ep13 step100/100 g1300 loss=0.06030 lr=1.61e-04 0.28s/it
[16:28:18] epoch 13/40 train_l1=0.06030 val_l1=0.06352 val_psnr=21.251 val_ssim=0.7016 elapsed=6.2m
[16:28:32]   ep14 step50/100 g1350 loss=0.06019 lr=1.58e-04 0.28s/it
[16:28:45]   ep14 step100/100 g1400 loss=0.06042 lr=1.55e-04 0.28s/it
[16:28:47] epoch 14/40 train_l1=0.06042 val_l1=0.05717 val_psnr=22.072 val_ssim=0.7043 elapsed=6.6m
[16:29:01]   ep15 step50/100 g1450 loss=0.05674 lr=1.51e-04 0.28s/it
[16:29:14]   ep15 step100/100 g1500 loss=0.05805 lr=1.48e-04 0.28s/it
[16:29:15] epoch 15/40 train_l1=0.05805 val_l1=0.05821 val_psnr=21.893 val_ssim=0.6985 elapsed=7.1m
[16:29:29]   ep16 step50/100 g1550 loss=0.05592 lr=1.44e-04 0.28s/it
[16:29:42]   ep16 step100/100 g1600 loss=0.05693 lr=1.40e-04 0.28s/it
[16:29:43] epoch 16/40 train_l1=0.05693 val_l1=0.05579 val_psnr=22.276 val_ssim=0.7091 elapsed=7.6m
[16:29:57]   ep17 step50/100 g1650 loss=0.05512 lr=1.36e-04 0.28s/it
[16:30:10]   ep17 step100/100 g1700 loss=0.05579 lr=1.32e-04 0.28s/it
[16:30:11] epoch 17/40 train_l1=0.05579 val_l1=0.05085 val_psnr=22.747 val_ssim=0.7158 elapsed=8.0m
[16:30:26]   ep18 step50/100 g1750 loss=0.05665 lr=1.29e-04 0.28s/it
[16:30:39]   ep18 step100/100 g1800 loss=0.05402 lr=1.25e-04 0.28s/it
[16:30:40] epoch 18/40 train_l1=0.05402 val_l1=0.04892 val_psnr=23.012 val_ssim=0.7177 elapsed=8.5m
[16:30:54]   ep19 step50/100 g1850 loss=0.05300 lr=1.21e-04 0.28s/it
[16:31:07]   ep19 step100/100 g1900 loss=0.05439 lr=1.16e-04 0.28s/it
[16:31:08] epoch 19/40 train_l1=0.05439 val_l1=0.05390 val_psnr=22.546 val_ssim=0.7122 elapsed=9.0m
[16:31:22]   ep20 step50/100 g1950 loss=0.05300 lr=1.12e-04 0.28s/it
[16:31:36]   ep20 step100/100 g2000 loss=0.05199 lr=1.08e-04 0.28s/it
[16:31:37] epoch 20/40 train_l1=0.05199 val_l1=0.04972 val_psnr=22.958 val_ssim=0.7200 elapsed=9.5m
[16:31:50]   ep21 step50/100 g2050 loss=0.04970 lr=1.04e-04 0.28s/it
[16:32:04]   ep21 step100/100 g2100 loss=0.05030 lr=1.00e-04 0.28s/it
[16:32:05] epoch 21/40 train_l1=0.05030 val_l1=0.04689 val_psnr=23.336 val_ssim=0.7241 elapsed=9.9m
[16:32:19]   ep22 step50/100 g2150 loss=0.05072 lr=9.59e-05 0.28s/it
[16:32:32]   ep22 step100/100 g2200 loss=0.05146 lr=9.17e-05 0.28s/it
[16:32:33] epoch 22/40 train_l1=0.05146 val_l1=0.04790 val_psnr=23.265 val_ssim=0.7246 elapsed=10.4m
[16:32:46]   ep23 step50/100 g2250 loss=0.05054 lr=8.76e-05 0.28s/it
[16:32:59]   ep23 step100/100 g2300 loss=0.05045 lr=8.35e-05 0.28s/it
[16:33:00] epoch 23/40 train_l1=0.05045 val_l1=0.04811 val_psnr=23.166 val_ssim=0.7251 elapsed=10.9m
[16:33:14]   ep24 step50/100 g2350 loss=0.04862 lr=7.95e-05 0.28s/it
[16:33:27]   ep24 step100/100 g2400 loss=0.05024 lr=7.55e-05 0.28s/it
[16:33:28] epoch 24/40 train_l1=0.05024 val_l1=0.04647 val_psnr=23.366 val_ssim=0.7307 elapsed=11.3m
[16:33:42]   ep25 step50/100 g2450 loss=0.04700 lr=7.15e-05 0.28s/it
[16:33:55]   ep25 step100/100 g2500 loss=0.04909 lr=6.75e-05 0.28s/it
[16:33:56] epoch 25/40 train_l1=0.04909 val_l1=0.04598 val_psnr=23.468 val_ssim=0.7318 elapsed=11.8m
[16:34:10]   ep26 step50/100 g2550 loss=0.04846 lr=6.36e-05 0.28s/it
[16:34:24]   ep26 step100/100 g2600 loss=0.04830 lr=5.98e-05 0.28s/it
[16:34:25] epoch 26/40 train_l1=0.04830 val_l1=0.04608 val_psnr=23.395 val_ssim=0.7301 elapsed=12.3m
[16:34:38]   ep27 step50/100 g2650 loss=0.04865 lr=5.61e-05 0.28s/it
[16:34:52]   ep27 step100/100 g2700 loss=0.04792 lr=5.24e-05 0.28s/it
[16:34:53] epoch 27/40 train_l1=0.04792 val_l1=0.04673 val_psnr=23.424 val_ssim=0.7322 elapsed=12.7m
[16:35:07]   ep28 step50/100 g2750 loss=0.04826 lr=4.88e-05 0.28s/it
[16:35:20]   ep28 step100/100 g2800 loss=0.04813 lr=4.53e-05 0.28s/it
[16:35:21] epoch 28/40 train_l1=0.04813 val_l1=0.04664 val_psnr=23.425 val_ssim=0.7331 elapsed=13.2m
[16:35:35]   ep29 step50/100 g2850 loss=0.04707 lr=4.19e-05 0.28s/it
[16:35:48]   ep29 step100/100 g2900 loss=0.04747 lr=3.86e-05 0.28s/it
[16:35:49] epoch 29/40 train_l1=0.04747 val_l1=0.04431 val_psnr=23.625 val_ssim=0.7361 elapsed=13.7m
[16:36:03]   ep30 step50/100 g2950 loss=0.04615 lr=3.54e-05 0.28s/it
[16:36:16]   ep30 step100/100 g3000 loss=0.04663 lr=3.23e-05 0.28s/it
[16:36:17] epoch 30/40 train_l1=0.04663 val_l1=0.04493 val_psnr=23.612 val_ssim=0.7364 elapsed=14.1m
[16:36:31]   ep31 step50/100 g3050 loss=0.04848 lr=2.93e-05 0.28s/it
[16:36:44]   ep31 step100/100 g3100 loss=0.04679 lr=2.64e-05 0.28s/it
[16:36:45] epoch 31/40 train_l1=0.04679 val_l1=0.04493 val_psnr=23.609 val_ssim=0.7354 elapsed=14.6m
[16:36:59]   ep32 step50/100 g3150 loss=0.04540 lr=2.37e-05 0.28s/it
[16:37:13]   ep32 step100/100 g3200 loss=0.04538 lr=2.11e-05 0.28s/it
[16:37:14] epoch 32/40 train_l1=0.04538 val_l1=0.04534 val_psnr=23.585 val_ssim=0.7357 elapsed=15.1m
[16:37:27]   ep33 step50/100 g3250 loss=0.04539 lr=1.86e-05 0.28s/it
[16:37:41]   ep33 step100/100 g3300 loss=0.04520 lr=1.63e-05 0.28s/it
[16:37:42] epoch 33/40 train_l1=0.04520 val_l1=0.04359 val_psnr=23.754 val_ssim=0.7383 elapsed=15.5m
[16:37:56]   ep34 step50/100 g3350 loss=0.04417 lr=1.41e-05 0.28s/it
[16:38:09]   ep34 step100/100 g3400 loss=0.04474 lr=1.21e-05 0.28s/it
[16:38:10] epoch 34/40 train_l1=0.04474 val_l1=0.04367 val_psnr=23.720 val_ssim=0.7389 elapsed=16.0m
[16:38:24]   ep35 step50/100 g3450 loss=0.04534 lr=1.02e-05 0.28s/it
[16:38:37]   ep35 step100/100 g3500 loss=0.04480 lr=8.42e-06 0.28s/it
[16:38:38] epoch 35/40 train_l1=0.04480 val_l1=0.04377 val_psnr=23.731 val_ssim=0.7390 elapsed=16.5m
[16:38:52]   ep36 step50/100 g3550 loss=0.04465 lr=6.84e-06 0.28s/it
[16:39:06]   ep36 step100/100 g3600 loss=0.04433 lr=5.42e-06 0.28s/it
[16:39:07] epoch 36/40 train_l1=0.04433 val_l1=0.04384 val_psnr=23.723 val_ssim=0.7380 elapsed=17.0m
[16:39:21]   ep37 step50/100 g3650 loss=0.04446 lr=4.16e-06 0.28s/it
[16:39:34]   ep37 step100/100 g3700 loss=0.04444 lr=3.06e-06 0.28s/it
[16:39:35] epoch 37/40 train_l1=0.04444 val_l1=0.04396 val_psnr=23.716 val_ssim=0.7378 elapsed=17.4m
[16:39:49]   ep38 step50/100 g3750 loss=0.04343 lr=2.13e-06 0.28s/it
[16:40:03]   ep38 step100/100 g3800 loss=0.04431 lr=1.36e-06 0.28s/it
[16:40:04] epoch 38/40 train_l1=0.04431 val_l1=0.04375 val_psnr=23.728 val_ssim=0.7383 elapsed=17.9m
[16:40:18]   ep39 step50/100 g3850 loss=0.04420 lr=7.68e-07 0.28s/it
[16:40:31]   ep39 step100/100 g3900 loss=0.04394 lr=3.42e-07 0.28s/it
[16:40:32] epoch 39/40 train_l1=0.04394 val_l1=0.04351 val_psnr=23.767 val_ssim=0.7399 elapsed=18.4m
[16:40:46]   ep40 step50/100 g3950 loss=0.04374 lr=8.54e-08 0.28s/it
[16:40:59]   ep40 step100/100 g4000 loss=0.04406 lr=0.00e+00 0.28s/it
[16:41:01] epoch 40/40 train_l1=0.04406 val_l1=0.04387 val_psnr=23.695 val_ssim=0.7391 elapsed=18.9m
[16:41:01] DONE best_val_l1=0.04351 total=18.9m
