[15:19:45] === resnet-50 @ 224 ===
[15:19:46] resnet-50: source=microsoft/resnet-50 depths=(3, 4, 6, 3) encoder_tensors=318 matched=318 missing=0 (100% matched)
[15:19:46] params total=66.59M trainable=66.59M amp=bf16
[15:19:48] auto batch_size = 16
[15:19:57]   ep1 step50/50 g50 loss=0.16400 lr=5.10e-05 0.19s/it
[15:19:58] epoch 1/40 train_l1=0.16400 val_l1=0.16148 val_psnr=13.665 val_ssim=0.3409 elapsed=0.2m
[15:20:07]   ep2 step50/50 g100 loss=0.12636 lr=1.01e-04 0.20s/it
[15:20:08] epoch 2/40 train_l1=0.12636 val_l1=0.11777 val_psnr=16.388 val_ssim=0.4350 elapsed=0.3m
[15:20:18]   ep3 step50/50 g150 loss=0.11296 lr=1.51e-04 0.20s/it
[15:20:18] epoch 3/40 train_l1=0.11296 val_l1=0.11229 val_psnr=16.876 val_ssim=0.4893 elapsed=0.5m
[15:20:29]   ep4 step50/50 g200 loss=0.10408 lr=2.00e-04 0.20s/it
[15:20:29] epoch 4/40 train_l1=0.10408 val_l1=0.09962 val_psnr=17.645 val_ssim=0.5222 elapsed=0.7m
[15:20:39]   ep5 step50/50 g250 loss=0.10257 lr=2.00e-04 0.21s/it
[15:20:40] epoch 5/40 train_l1=0.10257 val_l1=0.09359 val_psnr=18.170 val_ssim=0.5592 elapsed=0.9m
[15:20:50]   ep6 step50/50 g300 loss=0.09215 lr=1.98e-04 0.21s/it
[15:20:50] epoch 6/40 train_l1=0.09215 val_l1=0.08402 val_psnr=19.062 val_ssim=0.5764 elapsed=1.0m
[15:21:00]   ep7 step50/50 g350 loss=0.09479 lr=1.97e-04 0.21s/it
[15:21:01] epoch 7/40 train_l1=0.09479 val_l1=0.09897 val_psnr=17.822 val_ssim=0.5678 elapsed=1.2m
[15:21:10]   ep8 step50/50 g400 loss=0.08511 lr=1.94e-04 0.21s/it
[15:21:11] epoch 8/40 train_l1=0.08511 val_l1=0.07889 val_psnr=19.435 val_ssim=0.5969 elapsed=1.4m
[15:21:21]   ep9 step50/50 g450 loss=0.07886 lr=1.91e-04 0.21s/it
[15:21:21] epoch 9/40 train_l1=0.07886 val_l1=0.08722 val_psnr=18.626 val_ssim=0.5911 elapsed=1.6m
[15:21:30]   ep10 step50/50 g500 loss=0.08038 lr=1.87e-04 0.21s/it
[15:21:31] epoch 10/40 train_l1=0.08038 val_l1=0.07625 val_psnr=19.742 val_ssim=0.6159 elapsed=1.7m
[15:21:41]   ep11 step50/50 g550 loss=0.07933 lr=1.82e-04 0.21s/it
[15:21:41] epoch 11/40 train_l1=0.07933 val_l1=0.07310 val_psnr=20.076 val_ssim=0.6185 elapsed=1.9m
[15:21:51]   ep12 step50/50 g600 loss=0.07446 lr=1.77e-04 0.21s/it
[15:21:52] epoch 12/40 train_l1=0.07446 val_l1=0.07014 val_psnr=20.387 val_ssim=0.6280 elapsed=2.1m
[15:22:02]   ep13 step50/50 g650 loss=0.07399 lr=1.71e-04 0.21s/it
[15:22:02] epoch 13/40 train_l1=0.07399 val_l1=0.07631 val_psnr=19.840 val_ssim=0.6208 elapsed=2.2m
[15:22:12]   ep14 step50/50 g700 loss=0.07458 lr=1.64e-04 0.21s/it
[15:22:12] epoch 14/40 train_l1=0.07458 val_l1=0.06764 val_psnr=20.548 val_ssim=0.6341 elapsed=2.4m
[15:22:22]   ep15 step50/50 g750 loss=0.07275 lr=1.57e-04 0.21s/it
[15:22:23] epoch 15/40 train_l1=0.07275 val_l1=0.06658 val_psnr=20.730 val_ssim=0.6404 elapsed=2.6m
[15:22:33]   ep16 step50/50 g800 loss=0.07224 lr=1.50e-04 0.21s/it
[15:22:33] epoch 16/40 train_l1=0.07224 val_l1=0.06705 val_psnr=20.733 val_ssim=0.6424 elapsed=2.8m
[15:22:42]   ep17 step50/50 g850 loss=0.06988 lr=1.42e-04 0.21s/it
[15:22:43] epoch 17/40 train_l1=0.06988 val_l1=0.06762 val_psnr=20.638 val_ssim=0.6455 elapsed=2.9m
[15:22:52]   ep18 step50/50 g900 loss=0.06879 lr=1.34e-04 0.21s/it
[15:22:53] epoch 18/40 train_l1=0.06879 val_l1=0.06506 val_psnr=20.887 val_ssim=0.6484 elapsed=3.1m
[15:23:03]   ep19 step50/50 g950 loss=0.06690 lr=1.26e-04 0.21s/it
[15:23:04] epoch 19/40 train_l1=0.06690 val_l1=0.06602 val_psnr=20.808 val_ssim=0.6508 elapsed=3.3m
[15:23:13]   ep20 step50/50 g1000 loss=0.06932 lr=1.17e-04 0.21s/it
[15:23:13] epoch 20/40 train_l1=0.06932 val_l1=0.06583 val_psnr=20.798 val_ssim=0.6508 elapsed=3.4m
[15:23:23]   ep21 step50/50 g1050 loss=0.06674 lr=1.09e-04 0.20s/it
[15:23:23] epoch 21/40 train_l1=0.06674 val_l1=0.06828 val_psnr=20.616 val_ssim=0.6446 elapsed=3.6m
[15:23:33]   ep22 step50/50 g1100 loss=0.06843 lr=1.00e-04 0.20s/it
[15:23:33] epoch 22/40 train_l1=0.06843 val_l1=0.07240 val_psnr=20.258 val_ssim=0.6462 elapsed=3.8m
[15:23:42]   ep23 step50/50 g1150 loss=0.06363 lr=9.13e-05 0.20s/it
[15:23:43] epoch 23/40 train_l1=0.06363 val_l1=0.06076 val_psnr=21.361 val_ssim=0.6609 elapsed=3.9m
[15:23:53]   ep24 step50/50 g1200 loss=0.06414 lr=8.26e-05 0.20s/it
[15:23:54] epoch 24/40 train_l1=0.06414 val_l1=0.06102 val_psnr=21.363 val_ssim=0.6616 elapsed=4.1m
[15:24:03]   ep25 step50/50 g1250 loss=0.06221 lr=7.41e-05 0.20s/it
[15:24:04] epoch 25/40 train_l1=0.06221 val_l1=0.06341 val_psnr=21.160 val_ssim=0.6604 elapsed=4.3m
[15:24:13]   ep26 step50/50 g1300 loss=0.06355 lr=6.58e-05 0.20s/it
[15:24:14] epoch 26/40 train_l1=0.06355 val_l1=0.06192 val_psnr=21.241 val_ssim=0.6640 elapsed=4.4m
[15:24:23]   ep27 step50/50 g1350 loss=0.06196 lr=5.77e-05 0.20s/it
[15:24:24] epoch 27/40 train_l1=0.06196 val_l1=0.06000 val_psnr=21.439 val_ssim=0.6677 elapsed=4.6m
[15:24:33]   ep28 step50/50 g1400 loss=0.06159 lr=5.00e-05 0.20s/it
[15:24:34] epoch 28/40 train_l1=0.06159 val_l1=0.06012 val_psnr=21.482 val_ssim=0.6666 elapsed=4.8m
[15:24:44]   ep29 step50/50 g1450 loss=0.06139 lr=4.26e-05 0.20s/it
[15:24:44] epoch 29/40 train_l1=0.06139 val_l1=0.05943 val_psnr=21.549 val_ssim=0.6687 elapsed=4.9m
[15:24:54]   ep30 step50/50 g1500 loss=0.05812 lr=3.57e-05 0.20s/it
[15:24:55] epoch 30/40 train_l1=0.05812 val_l1=0.05894 val_psnr=21.565 val_ssim=0.6727 elapsed=5.1m
[15:25:04]   ep31 step50/50 g1550 loss=0.05846 lr=2.93e-05 0.20s/it
[15:25:05] epoch 31/40 train_l1=0.05846 val_l1=0.05906 val_psnr=21.578 val_ssim=0.6717 elapsed=5.3m
[15:25:14]   ep32 step50/50 g1600 loss=0.05841 lr=2.34e-05 0.20s/it
[15:25:15] epoch 32/40 train_l1=0.05841 val_l1=0.05960 val_psnr=21.508 val_ssim=0.6739 elapsed=5.5m
[15:25:24]   ep33 step50/50 g1650 loss=0.05771 lr=1.81e-05 0.20s/it
[15:25:25] epoch 33/40 train_l1=0.05771 val_l1=0.05739 val_psnr=21.752 val_ssim=0.6741 elapsed=5.6m
[15:25:35]   ep34 step50/50 g1700 loss=0.05827 lr=1.34e-05 0.20s/it
[15:25:35] epoch 34/40 train_l1=0.05827 val_l1=0.05790 val_psnr=21.678 val_ssim=0.6737 elapsed=5.8m
[15:25:45]   ep35 step50/50 g1750 loss=0.05646 lr=9.37e-06 0.20s/it
[15:25:45] epoch 35/40 train_l1=0.05646 val_l1=0.05734 val_psnr=21.748 val_ssim=0.6753 elapsed=6.0m
[15:25:56]   ep36 step50/50 g1800 loss=0.05625 lr=6.03e-06 0.20s/it
[15:25:56] epoch 36/40 train_l1=0.05625 val_l1=0.05701 val_psnr=21.785 val_ssim=0.6756 elapsed=6.1m
[15:26:06]   ep37 step50/50 g1850 loss=0.05643 lr=3.41e-06 0.20s/it
[15:26:07] epoch 37/40 train_l1=0.05643 val_l1=0.05688 val_psnr=21.793 val_ssim=0.6752 elapsed=6.3m
[15:26:17]   ep38 step50/50 g1900 loss=0.05560 lr=1.52e-06 0.20s/it
[15:26:17] epoch 38/40 train_l1=0.05560 val_l1=0.05684 val_psnr=21.797 val_ssim=0.6759 elapsed=6.5m
[15:26:27]   ep39 step50/50 g1950 loss=0.05611 lr=3.81e-07 0.20s/it
[15:26:28] epoch 39/40 train_l1=0.05611 val_l1=0.05711 val_psnr=21.770 val_ssim=0.6753 elapsed=6.7m
[15:26:37]   ep40 step50/50 g2000 loss=0.05651 lr=0.00e+00 0.20s/it
[15:26:38] epoch 40/40 train_l1=0.05651 val_l1=0.05693 val_psnr=21.782 val_ssim=0.6748 elapsed=6.8m
[15:26:38] DONE best_val_l1=0.05684 total=6.8m
