train=800 val=100
  [224] 100/800
  [224] 200/800
  [224] 300/800
  [224] 400/800
  [224] 500/800
  [224] 600/800
  [224] 700/800
  [224] 800/800
  saved /root/autodl-tmp/rrnet/data/div2k_train_224.npy shape=(800, 224, 224, 3) 120.4 MB
  [224] 100/100
  saved /root/autodl-tmp/rrnet/data/div2k_val_224.npy shape=(100, 224, 224, 3) 15.1 MB
  [448] 100/800
  [448] 200/800
  [448] 300/800
  [448] 400/800
  [448] 500/800
  [448] 600/800
  [448] 700/800
  [448] 800/800
  saved /root/autodl-tmp/rrnet/data/div2k_train_448.npy shape=(800, 448, 448, 3) 481.7 MB
  [448] 100/100
  saved /root/autodl-tmp/rrnet/data/div2k_val_448.npy shape=(100, 448, 448, 3) 60.2 MB
