[15:13:51] === resnet-34 @ 224 ===
[15:13:52] resnet-34: source=microsoft/resnet-34 depths=(3, 4, 6, 3) encoder_tensors=216 matched=216 missing=0 (100% matched)
[15:13:52] params total=33.62M trainable=33.62M amp=bf16
[15:13:53] auto batch_size = 16
[15:14:02]   ep1 step50/50 g50 loss=0.17007 lr=5.10e-05 0.16s/it
[15:14:02] epoch 1/40 train_l1=0.17007 val_l1=0.13639 val_psnr=15.144 val_ssim=0.3471 elapsed=0.1m
[15:14:10]   ep2 step50/50 g100 loss=0.13047 lr=1.01e-04 0.17s/it
[15:14:11] epoch 2/40 train_l1=0.13047 val_l1=0.14734 val_psnr=14.488 val_ssim=0.4096 elapsed=0.3m
[15:14:19]   ep3 step50/50 g150 loss=0.11384 lr=1.51e-04 0.17s/it
[15:14:19] epoch 3/40 train_l1=0.11384 val_l1=0.10571 val_psnr=17.324 val_ssim=0.5040 elapsed=0.4m
[15:14:27]   ep4 step50/50 g200 loss=0.10670 lr=2.00e-04 0.17s/it
[15:14:28] epoch 4/40 train_l1=0.10670 val_l1=0.09269 val_psnr=18.255 val_ssim=0.5456 elapsed=0.6m
[15:14:36]   ep5 step50/50 g250 loss=0.09749 lr=2.00e-04 0.17s/it
[15:14:37] epoch 5/40 train_l1=0.09749 val_l1=0.08661 val_psnr=18.808 val_ssim=0.5764 elapsed=0.7m
[15:14:45]   ep6 step50/50 g300 loss=0.08694 lr=1.98e-04 0.17s/it
[15:14:45] epoch 6/40 train_l1=0.08694 val_l1=0.09173 val_psnr=18.494 val_ssim=0.5831 elapsed=0.9m
[15:14:53]   ep7 step50/50 g350 loss=0.08718 lr=1.97e-04 0.17s/it
[15:14:54] epoch 7/40 train_l1=0.08718 val_l1=0.08479 val_psnr=19.071 val_ssim=0.5982 elapsed=1.0m
[15:15:02]   ep8 step50/50 g400 loss=0.08473 lr=1.94e-04 0.17s/it
[15:15:03] epoch 8/40 train_l1=0.08473 val_l1=0.07249 val_psnr=20.119 val_ssim=0.6121 elapsed=1.2m
[15:15:11]   ep9 step50/50 g450 loss=0.07913 lr=1.91e-04 0.17s/it
[15:15:11] epoch 9/40 train_l1=0.07913 val_l1=0.07749 val_psnr=19.787 val_ssim=0.6165 elapsed=1.3m
[15:15:19]   ep10 step50/50 g500 loss=0.07972 lr=1.87e-04 0.17s/it
[15:15:20] epoch 10/40 train_l1=0.07972 val_l1=0.09294 val_psnr=18.212 val_ssim=0.5859 elapsed=1.4m
[15:15:27]   ep11 step50/50 g550 loss=0.07396 lr=1.82e-04 0.17s/it
[15:15:28] epoch 11/40 train_l1=0.07396 val_l1=0.09423 val_psnr=18.270 val_ssim=0.6201 elapsed=1.6m
[15:15:36]   ep12 step50/50 g600 loss=0.07290 lr=1.77e-04 0.17s/it
[15:15:36] epoch 12/40 train_l1=0.07290 val_l1=0.06900 val_psnr=20.460 val_ssim=0.6428 elapsed=1.7m
[15:15:44]   ep13 step50/50 g650 loss=0.07223 lr=1.71e-04 0.17s/it
[15:15:45] epoch 13/40 train_l1=0.07223 val_l1=0.06985 val_psnr=20.441 val_ssim=0.6429 elapsed=1.9m
[15:15:52]   ep14 step50/50 g700 loss=0.07032 lr=1.64e-04 0.17s/it
[15:15:53] epoch 14/40 train_l1=0.07032 val_l1=0.07080 val_psnr=20.331 val_ssim=0.6461 elapsed=2.0m
[15:16:01]   ep15 step50/50 g750 loss=0.06972 lr=1.57e-04 0.17s/it
[15:16:01] epoch 15/40 train_l1=0.06972 val_l1=0.06539 val_psnr=20.946 val_ssim=0.6489 elapsed=2.1m
[15:16:10]   ep16 step50/50 g800 loss=0.06755 lr=1.50e-04 0.17s/it
[15:16:10] epoch 16/40 train_l1=0.06755 val_l1=0.06340 val_psnr=21.106 val_ssim=0.6594 elapsed=2.3m
[15:16:18]   ep17 step50/50 g850 loss=0.06594 lr=1.42e-04 0.17s/it
[15:16:19] epoch 17/40 train_l1=0.06594 val_l1=0.06487 val_psnr=20.958 val_ssim=0.6547 elapsed=2.4m
[15:16:27]   ep18 step50/50 g900 loss=0.06431 lr=1.34e-04 0.17s/it
[15:16:28] epoch 18/40 train_l1=0.06431 val_l1=0.06349 val_psnr=21.275 val_ssim=0.6553 elapsed=2.6m
[15:16:35]   ep19 step50/50 g950 loss=0.06727 lr=1.26e-04 0.17s/it
[15:16:36] epoch 19/40 train_l1=0.06727 val_l1=0.06367 val_psnr=21.238 val_ssim=0.6628 elapsed=2.7m
[15:16:43]   ep20 step50/50 g1000 loss=0.06271 lr=1.17e-04 0.17s/it
[15:16:44] epoch 20/40 train_l1=0.06271 val_l1=0.06065 val_psnr=21.459 val_ssim=0.6703 elapsed=2.8m
[15:16:52]   ep21 step50/50 g1050 loss=0.06086 lr=1.09e-04 0.17s/it
[15:16:53] epoch 21/40 train_l1=0.06086 val_l1=0.05903 val_psnr=21.715 val_ssim=0.6734 elapsed=3.0m
[15:17:01]   ep22 step50/50 g1100 loss=0.05882 lr=1.00e-04 0.17s/it
[15:17:01] epoch 22/40 train_l1=0.05882 val_l1=0.05789 val_psnr=21.802 val_ssim=0.6756 elapsed=3.1m
[15:17:10]   ep23 step50/50 g1150 loss=0.06117 lr=9.13e-05 0.17s/it
[15:17:10] epoch 23/40 train_l1=0.06117 val_l1=0.05698 val_psnr=21.858 val_ssim=0.6800 elapsed=3.3m
[15:17:19]   ep24 step50/50 g1200 loss=0.05831 lr=8.26e-05 0.17s/it
[15:17:19] epoch 24/40 train_l1=0.05831 val_l1=0.06054 val_psnr=21.540 val_ssim=0.6780 elapsed=3.4m
[15:17:27]   ep25 step50/50 g1250 loss=0.05832 lr=7.41e-05 0.17s/it
[15:17:27] epoch 25/40 train_l1=0.05832 val_l1=0.05716 val_psnr=21.890 val_ssim=0.6818 elapsed=3.6m
[15:17:35]   ep26 step50/50 g1300 loss=0.06040 lr=6.58e-05 0.17s/it
[15:17:36] epoch 26/40 train_l1=0.06040 val_l1=0.05756 val_psnr=21.876 val_ssim=0.6797 elapsed=3.7m
[15:17:44]   ep27 step50/50 g1350 loss=0.05754 lr=5.77e-05 0.17s/it
[15:17:44] epoch 27/40 train_l1=0.05754 val_l1=0.05654 val_psnr=21.967 val_ssim=0.6837 elapsed=3.9m
[15:17:53]   ep28 step50/50 g1400 loss=0.05630 lr=5.00e-05 0.17s/it
[15:17:53] epoch 28/40 train_l1=0.05630 val_l1=0.05446 val_psnr=22.130 val_ssim=0.6861 elapsed=4.0m
[15:18:01]   ep29 step50/50 g1450 loss=0.05423 lr=4.26e-05 0.17s/it
[15:18:02] epoch 29/40 train_l1=0.05423 val_l1=0.05409 val_psnr=22.173 val_ssim=0.6874 elapsed=4.1m
[15:18:10]   ep30 step50/50 g1500 loss=0.05433 lr=3.57e-05 0.17s/it
[15:18:11] epoch 30/40 train_l1=0.05433 val_l1=0.05400 val_psnr=22.207 val_ssim=0.6882 elapsed=4.3m
[15:18:19]   ep31 step50/50 g1550 loss=0.05389 lr=2.93e-05 0.17s/it
[15:18:19] epoch 31/40 train_l1=0.05389 val_l1=0.05369 val_psnr=22.236 val_ssim=0.6899 elapsed=4.4m
[15:18:27]   ep32 step50/50 g1600 loss=0.05455 lr=2.34e-05 0.17s/it
[15:18:28] epoch 32/40 train_l1=0.05455 val_l1=0.05346 val_psnr=22.269 val_ssim=0.6897 elapsed=4.6m
[15:18:36]   ep33 step50/50 g1650 loss=0.05316 lr=1.81e-05 0.17s/it
[15:18:37] epoch 33/40 train_l1=0.05316 val_l1=0.05406 val_psnr=22.239 val_ssim=0.6901 elapsed=4.7m
[15:18:45]   ep34 step50/50 g1700 loss=0.05372 lr=1.34e-05 0.17s/it
[15:18:45] epoch 34/40 train_l1=0.05372 val_l1=0.05380 val_psnr=22.256 val_ssim=0.6899 elapsed=4.9m
[15:18:53]   ep35 step50/50 g1750 loss=0.05274 lr=9.37e-06 0.17s/it
[15:18:54] epoch 35/40 train_l1=0.05274 val_l1=0.05310 val_psnr=22.311 val_ssim=0.6917 elapsed=5.0m
[15:19:02]   ep36 step50/50 g1800 loss=0.05236 lr=6.03e-06 0.17s/it
[15:19:03] epoch 36/40 train_l1=0.05236 val_l1=0.05300 val_psnr=22.310 val_ssim=0.6915 elapsed=5.2m
[15:19:11]   ep37 step50/50 g1850 loss=0.05247 lr=3.41e-06 0.17s/it
[15:19:11] epoch 37/40 train_l1=0.05247 val_l1=0.05283 val_psnr=22.321 val_ssim=0.6929 elapsed=5.3m
[15:19:20]   ep38 step50/50 g1900 loss=0.05257 lr=1.52e-06 0.17s/it
[15:19:20] epoch 38/40 train_l1=0.05257 val_l1=0.05274 val_psnr=22.334 val_ssim=0.6926 elapsed=5.4m
[15:19:28]   ep39 step50/50 g1950 loss=0.05239 lr=3.81e-07 0.17s/it
[15:19:29] epoch 39/40 train_l1=0.05239 val_l1=0.05310 val_psnr=22.293 val_ssim=0.6901 elapsed=5.6m
[15:19:37]   ep40 step50/50 g2000 loss=0.05219 lr=0.00e+00 0.17s/it
[15:19:37] epoch 40/40 train_l1=0.05219 val_l1=0.05276 val_psnr=22.334 val_ssim=0.6927 elapsed=5.7m
[15:19:38] DONE best_val_l1=0.05274 total=5.7m
