[17:05:28] === resnet-101 @ 448 ===
[17:05:30] resnet-101: source=microsoft/resnet-101 depths=(3, 4, 23, 3) encoder_tensors=624 matched=624 missing=0 (100% matched)
[17:05:30] params total=90.35M trainable=90.35M amp=bf16
[17:05:31] auto batch_size = 8
[17:05:53]   ep1 step50/100 g50 loss=0.16129 lr=5.10e-05 0.43s/it
[17:06:14]   ep1 step100/100 g100 loss=0.14306 lr=1.01e-04 0.42s/it
[17:06:15] epoch 1/40 train_l1=0.14306 val_l1=0.12012 val_psnr=16.280 val_ssim=0.4607 elapsed=0.7m
[17:06:37]   ep2 step50/100 g150 loss=0.11178 lr=1.51e-04 0.44s/it
[17:06:58]   ep2 step100/100 g200 loss=0.11566 lr=2.00e-04 0.43s/it
[17:06:59] epoch 2/40 train_l1=0.11566 val_l1=0.10926 val_psnr=16.980 val_ssim=0.5452 elapsed=1.5m
[17:07:22]   ep3 step50/100 g250 loss=0.10706 lr=2.00e-04 0.44s/it
[17:07:42]   ep3 step100/100 g300 loss=0.10292 lr=2.00e-04 0.44s/it
[17:07:44] epoch 3/40 train_l1=0.10292 val_l1=0.08879 val_psnr=18.684 val_ssim=0.5927 elapsed=2.2m
[17:08:07]   ep4 step50/100 g350 loss=0.09469 lr=1.99e-04 0.44s/it
[17:08:27]   ep4 step100/100 g400 loss=0.09232 lr=1.99e-04 0.44s/it
[17:08:29] epoch 4/40 train_l1=0.09232 val_l1=0.08604 val_psnr=18.843 val_ssim=0.6032 elapsed=3.0m
[17:08:51]   ep5 step50/100 g450 loss=0.09028 lr=1.98e-04 0.44s/it
[17:09:12]   ep5 step100/100 g500 loss=0.08784 lr=1.97e-04 0.44s/it
[17:09:14] epoch 5/40 train_l1=0.08784 val_l1=0.07370 val_psnr=20.149 val_ssim=0.6202 elapsed=3.7m
[17:09:36]   ep6 step50/100 g550 loss=0.08454 lr=1.96e-04 0.44s/it
[17:09:57]   ep6 step100/100 g600 loss=0.08510 lr=1.95e-04 0.44s/it
[17:09:58] epoch 6/40 train_l1=0.08510 val_l1=0.07358 val_psnr=20.174 val_ssim=0.6143 elapsed=4.5m
[17:10:21]   ep7 step50/100 g650 loss=0.07676 lr=1.93e-04 0.45s/it
[17:10:42]   ep7 step100/100 g700 loss=0.07564 lr=1.92e-04 0.44s/it
[17:10:43] epoch 7/40 train_l1=0.07564 val_l1=0.06988 val_psnr=20.616 val_ssim=0.6299 elapsed=5.2m
[17:11:06]   ep8 step50/100 g750 loss=0.07405 lr=1.90e-04 0.45s/it
[17:11:27]   ep8 step100/100 g800 loss=0.07611 lr=1.88e-04 0.44s/it
[17:11:28] epoch 8/40 train_l1=0.07611 val_l1=0.07453 val_psnr=20.008 val_ssim=0.6351 elapsed=5.9m
[17:11:50]   ep9 step50/100 g850 loss=0.07372 lr=1.86e-04 0.45s/it
[17:12:11]   ep9 step100/100 g900 loss=0.07041 lr=1.84e-04 0.44s/it
[17:12:12] epoch 9/40 train_l1=0.07041 val_l1=0.06630 val_psnr=20.841 val_ssim=0.6495 elapsed=6.7m
[17:12:35]   ep10 step50/100 g950 loss=0.07010 lr=1.81e-04 0.45s/it
[17:12:55]   ep10 step100/100 g1000 loss=0.06981 lr=1.79e-04 0.44s/it
[17:12:57] epoch 10/40 train_l1=0.06981 val_l1=0.06807 val_psnr=20.847 val_ssim=0.6552 elapsed=7.4m
[17:13:19]   ep11 step50/100 g1050 loss=0.06932 lr=1.76e-04 0.45s/it
[17:13:39]   ep11 step100/100 g1100 loss=0.06729 lr=1.74e-04 0.44s/it
[17:13:41] epoch 11/40 train_l1=0.06729 val_l1=0.06145 val_psnr=21.456 val_ssim=0.6674 elapsed=8.2m
[17:14:04]   ep12 step50/100 g1150 loss=0.06638 lr=1.71e-04 0.45s/it
[17:14:24]   ep12 step100/100 g1200 loss=0.06699 lr=1.68e-04 0.44s/it
[17:14:26] epoch 12/40 train_l1=0.06699 val_l1=0.07340 val_psnr=20.383 val_ssim=0.6626 elapsed=8.9m
[17:14:48]   ep13 step50/100 g1250 loss=0.06893 lr=1.65e-04 0.45s/it
[17:15:09]   ep13 step100/100 g1300 loss=0.06987 lr=1.61e-04 0.44s/it
[17:15:10] epoch 13/40 train_l1=0.06987 val_l1=0.07273 val_psnr=20.294 val_ssim=0.6711 elapsed=9.6m
[17:15:32]   ep14 step50/100 g1350 loss=0.06698 lr=1.58e-04 0.45s/it
[17:15:53]   ep14 step100/100 g1400 loss=0.06509 lr=1.55e-04 0.44s/it
[17:15:55] epoch 14/40 train_l1=0.06509 val_l1=0.06188 val_psnr=21.420 val_ssim=0.6796 elapsed=10.4m
[17:16:16]   ep15 step50/100 g1450 loss=0.06144 lr=1.51e-04 0.44s/it
[17:16:37]   ep15 step100/100 g1500 loss=0.06154 lr=1.48e-04 0.44s/it
[17:16:39] epoch 15/40 train_l1=0.06154 val_l1=0.05841 val_psnr=21.796 val_ssim=0.6871 elapsed=11.1m
[17:17:02]   ep16 step50/100 g1550 loss=0.06129 lr=1.44e-04 0.45s/it
[17:17:22]   ep16 step100/100 g1600 loss=0.06082 lr=1.40e-04 0.44s/it
[17:17:24] epoch 16/40 train_l1=0.06082 val_l1=0.05611 val_psnr=22.162 val_ssim=0.6914 elapsed=11.9m
[17:17:47]   ep17 step50/100 g1650 loss=0.05838 lr=1.36e-04 0.45s/it
[17:18:07]   ep17 step100/100 g1700 loss=0.06040 lr=1.32e-04 0.44s/it
[17:18:09] epoch 17/40 train_l1=0.06040 val_l1=0.05988 val_psnr=21.738 val_ssim=0.6936 elapsed=12.6m
[17:18:31]   ep18 step50/100 g1750 loss=0.06196 lr=1.29e-04 0.45s/it
[17:18:51]   ep18 step100/100 g1800 loss=0.05988 lr=1.25e-04 0.44s/it
[17:18:53] epoch 18/40 train_l1=0.05988 val_l1=0.05676 val_psnr=22.115 val_ssim=0.6976 elapsed=13.4m
[17:19:15]   ep19 step50/100 g1850 loss=0.05847 lr=1.21e-04 0.45s/it
[17:19:36]   ep19 step100/100 g1900 loss=0.05728 lr=1.16e-04 0.44s/it
[17:19:37] epoch 19/40 train_l1=0.05728 val_l1=0.05979 val_psnr=21.753 val_ssim=0.6976 elapsed=14.1m
[17:19:59]   ep20 step50/100 g1950 loss=0.05850 lr=1.12e-04 0.44s/it
[17:20:19]   ep20 step100/100 g2000 loss=0.05806 lr=1.08e-04 0.44s/it
[17:20:21] epoch 20/40 train_l1=0.05806 val_l1=0.05534 val_psnr=22.325 val_ssim=0.7018 elapsed=14.8m
[17:20:43]   ep21 step50/100 g2050 loss=0.05712 lr=1.04e-04 0.44s/it
[17:21:03]   ep21 step100/100 g2100 loss=0.05651 lr=1.00e-04 0.44s/it
[17:21:04] epoch 21/40 train_l1=0.05651 val_l1=0.05442 val_psnr=22.294 val_ssim=0.7051 elapsed=15.6m
[17:21:27]   ep22 step50/100 g2150 loss=0.05507 lr=9.59e-05 0.44s/it
[17:21:47]   ep22 step100/100 g2200 loss=0.05583 lr=9.17e-05 0.44s/it
[17:21:49] epoch 22/40 train_l1=0.05583 val_l1=0.05408 val_psnr=22.372 val_ssim=0.7097 elapsed=16.3m
[17:22:11]   ep23 step50/100 g2250 loss=0.05557 lr=8.76e-05 0.44s/it
[17:22:31]   ep23 step100/100 g2300 loss=0.05562 lr=8.35e-05 0.44s/it
[17:22:33] epoch 23/40 train_l1=0.05562 val_l1=0.05310 val_psnr=22.568 val_ssim=0.7092 elapsed=17.0m
[17:22:55]   ep24 step50/100 g2350 loss=0.05545 lr=7.95e-05 0.44s/it
[17:23:15]   ep24 step100/100 g2400 loss=0.05445 lr=7.55e-05 0.44s/it
[17:23:17] epoch 24/40 train_l1=0.05445 val_l1=0.05219 val_psnr=22.639 val_ssim=0.7130 elapsed=17.8m
[17:23:39]   ep25 step50/100 g2450 loss=0.05477 lr=7.15e-05 0.44s/it
[17:23:59]   ep25 step100/100 g2500 loss=0.05367 lr=6.75e-05 0.44s/it
[17:24:01] epoch 25/40 train_l1=0.05367 val_l1=0.05034 val_psnr=22.807 val_ssim=0.7146 elapsed=18.5m
[17:24:23]   ep26 step50/100 g2550 loss=0.05234 lr=6.36e-05 0.44s/it
[17:24:44]   ep26 step100/100 g2600 loss=0.05253 lr=5.98e-05 0.44s/it
[17:24:45] epoch 26/40 train_l1=0.05253 val_l1=0.04982 val_psnr=22.875 val_ssim=0.7157 elapsed=19.2m
[17:25:07]   ep27 step50/100 g2650 loss=0.05308 lr=5.61e-05 0.44s/it
[17:25:28]   ep27 step100/100 g2700 loss=0.05238 lr=5.24e-05 0.44s/it
[17:25:29] epoch 27/40 train_l1=0.05238 val_l1=0.05000 val_psnr=22.919 val_ssim=0.7154 elapsed=20.0m
[17:25:51]   ep28 step50/100 g2750 loss=0.05095 lr=4.88e-05 0.44s/it
[17:26:11]   ep28 step100/100 g2800 loss=0.05144 lr=4.53e-05 0.44s/it
[17:26:13] epoch 28/40 train_l1=0.05144 val_l1=0.04999 val_psnr=22.872 val_ssim=0.7182 elapsed=20.7m
[17:26:35]   ep29 step50/100 g2850 loss=0.05095 lr=4.19e-05 0.44s/it
[17:26:55]   ep29 step100/100 g2900 loss=0.05103 lr=3.86e-05 0.44s/it
[17:26:57] epoch 29/40 train_l1=0.05103 val_l1=0.04893 val_psnr=22.989 val_ssim=0.7202 elapsed=21.4m
[17:27:19]   ep30 step50/100 g2950 loss=0.05220 lr=3.54e-05 0.44s/it
[17:27:39]   ep30 step100/100 g3000 loss=0.05134 lr=3.23e-05 0.44s/it
[17:27:41] epoch 30/40 train_l1=0.05134 val_l1=0.05148 val_psnr=22.698 val_ssim=0.7222 elapsed=22.2m
[17:28:02]   ep31 step50/100 g3050 loss=0.04842 lr=2.93e-05 0.44s/it
[17:28:22]   ep31 step100/100 g3100 loss=0.05022 lr=2.64e-05 0.44s/it
[17:28:24] epoch 31/40 train_l1=0.05022 val_l1=0.04899 val_psnr=22.981 val_ssim=0.7201 elapsed=22.9m
[17:28:46]   ep32 step50/100 g3150 loss=0.05039 lr=2.37e-05 0.44s/it
[17:29:06]   ep32 step100/100 g3200 loss=0.05020 lr=2.11e-05 0.44s/it
[17:29:08] epoch 32/40 train_l1=0.05020 val_l1=0.04930 val_psnr=22.958 val_ssim=0.7195 elapsed=23.6m
[17:29:29]   ep33 step50/100 g3250 loss=0.04900 lr=1.86e-05 0.44s/it
[17:29:50]   ep33 step100/100 g3300 loss=0.04921 lr=1.63e-05 0.44s/it
[17:29:51] epoch 33/40 train_l1=0.04921 val_l1=0.04855 val_psnr=23.055 val_ssim=0.7239 elapsed=24.3m
[17:30:14]   ep34 step50/100 g3350 loss=0.04940 lr=1.41e-05 0.44s/it
[17:30:34]   ep34 step100/100 g3400 loss=0.04933 lr=1.21e-05 0.44s/it
[17:30:36] epoch 34/40 train_l1=0.04933 val_l1=0.04835 val_psnr=23.026 val_ssim=0.7234 elapsed=25.1m
[17:30:57]   ep35 step50/100 g3450 loss=0.04752 lr=1.02e-05 0.44s/it
[17:31:18]   ep35 step100/100 g3500 loss=0.04896 lr=8.42e-06 0.44s/it
[17:31:20] epoch 35/40 train_l1=0.04896 val_l1=0.04795 val_psnr=23.127 val_ssim=0.7246 elapsed=25.8m
[17:31:42]   ep36 step50/100 g3550 loss=0.04913 lr=6.84e-06 0.44s/it
[17:32:02]   ep36 step100/100 g3600 loss=0.04923 lr=5.42e-06 0.44s/it
[17:32:04] epoch 36/40 train_l1=0.04923 val_l1=0.04825 val_psnr=23.061 val_ssim=0.7236 elapsed=26.5m
[17:32:25]   ep37 step50/100 g3650 loss=0.04898 lr=4.16e-06 0.44s/it
[17:32:46]   ep37 step100/100 g3700 loss=0.04857 lr=3.06e-06 0.44s/it
[17:32:48] epoch 37/40 train_l1=0.04857 val_l1=0.04817 val_psnr=23.090 val_ssim=0.7242 elapsed=27.3m
[17:33:09]   ep38 step50/100 g3750 loss=0.04898 lr=2.13e-06 0.44s/it
[17:33:29]   ep38 step100/100 g3800 loss=0.04845 lr=1.36e-06 0.44s/it
[17:33:31] epoch 38/40 train_l1=0.04845 val_l1=0.04794 val_psnr=23.112 val_ssim=0.7241 elapsed=28.0m
[17:33:53]   ep39 step50/100 g3850 loss=0.04776 lr=7.68e-07 0.44s/it
[17:34:13]   ep39 step100/100 g3900 loss=0.04796 lr=3.42e-07 0.44s/it
[17:34:15] epoch 39/40 train_l1=0.04796 val_l1=0.04810 val_psnr=23.083 val_ssim=0.7236 elapsed=28.7m
[17:34:36]   ep40 step50/100 g3950 loss=0.04953 lr=8.54e-08 0.44s/it
[17:34:57]   ep40 step100/100 g4000 loss=0.04818 lr=0.00e+00 0.44s/it
[17:34:58] epoch 40/40 train_l1=0.04818 val_l1=0.04793 val_psnr=23.106 val_ssim=0.7243 elapsed=29.4m
[17:35:00] DONE best_val_l1=0.04793 total=29.5m
