[15:26:48] === resnet-101 @ 224 ===
[15:26:52] resnet-101: source=microsoft/resnet-101 depths=(3, 4, 23, 3) encoder_tensors=624 matched=624 missing=0 (100% matched)
[15:26:52] params total=90.35M trainable=90.35M amp=bf16
[15:26:54] auto batch_size = 16
[15:27:06]   ep1 step50/50 g50 loss=0.15892 lr=5.10e-05 0.23s/it
[15:27:06] epoch 1/40 train_l1=0.15892 val_l1=0.12656 val_psnr=15.627 val_ssim=0.3645 elapsed=0.2m
[15:27:19]   ep2 step50/50 g100 loss=0.12571 lr=1.01e-04 0.25s/it
[15:27:19] epoch 2/40 train_l1=0.12571 val_l1=0.12122 val_psnr=15.902 val_ssim=0.4288 elapsed=0.4m
[15:27:32]   ep3 step50/50 g150 loss=0.11624 lr=1.51e-04 0.25s/it
[15:27:33] epoch 3/40 train_l1=0.11624 val_l1=0.10558 val_psnr=17.270 val_ssim=0.4888 elapsed=0.6m
[15:27:46]   ep4 step50/50 g200 loss=0.11325 lr=2.00e-04 0.26s/it
[15:27:47] epoch 4/40 train_l1=0.11325 val_l1=0.09977 val_psnr=17.647 val_ssim=0.5175 elapsed=0.9m
[15:27:59]   ep5 step50/50 g250 loss=0.10256 lr=2.00e-04 0.26s/it
[15:28:00] epoch 5/40 train_l1=0.10256 val_l1=0.09274 val_psnr=18.204 val_ssim=0.5493 elapsed=1.1m
[15:28:13]   ep6 step50/50 g300 loss=0.09335 lr=1.98e-04 0.26s/it
[15:28:14] epoch 6/40 train_l1=0.09335 val_l1=0.09038 val_psnr=18.372 val_ssim=0.5633 elapsed=1.3m
[15:28:27]   ep7 step50/50 g350 loss=0.09465 lr=1.97e-04 0.26s/it
[15:28:27] epoch 7/40 train_l1=0.09465 val_l1=0.10247 val_psnr=17.671 val_ssim=0.5634 elapsed=1.6m
[15:28:39]   ep8 step50/50 g400 loss=0.09261 lr=1.94e-04 0.26s/it
[15:28:40] epoch 8/40 train_l1=0.09261 val_l1=0.08223 val_psnr=19.170 val_ssim=0.5813 elapsed=1.8m
[15:28:53]   ep9 step50/50 g450 loss=0.08283 lr=1.91e-04 0.26s/it
[15:28:53] epoch 9/40 train_l1=0.08283 val_l1=0.08410 val_psnr=19.074 val_ssim=0.5831 elapsed=2.0m
[15:29:06]   ep10 step50/50 g500 loss=0.07920 lr=1.87e-04 0.26s/it
[15:29:06] epoch 10/40 train_l1=0.07920 val_l1=0.09051 val_psnr=18.600 val_ssim=0.5918 elapsed=2.2m
[15:29:19]   ep11 step50/50 g550 loss=0.08141 lr=1.82e-04 0.26s/it
[15:29:19] epoch 11/40 train_l1=0.08141 val_l1=0.07778 val_psnr=19.714 val_ssim=0.6045 elapsed=2.4m
[15:29:33]   ep12 step50/50 g600 loss=0.08081 lr=1.77e-04 0.26s/it
[15:29:33] epoch 12/40 train_l1=0.08081 val_l1=0.08029 val_psnr=19.309 val_ssim=0.5995 elapsed=2.7m
[15:29:45]   ep13 step50/50 g650 loss=0.07719 lr=1.71e-04 0.26s/it
[15:29:46] epoch 13/40 train_l1=0.07719 val_l1=0.06995 val_psnr=20.369 val_ssim=0.6169 elapsed=2.9m
[15:29:59]   ep14 step50/50 g700 loss=0.07501 lr=1.64e-04 0.26s/it
[15:30:00] epoch 14/40 train_l1=0.07501 val_l1=0.07999 val_psnr=19.530 val_ssim=0.6083 elapsed=3.1m
[15:30:12]   ep15 step50/50 g750 loss=0.07500 lr=1.57e-04 0.26s/it
[15:30:13] epoch 15/40 train_l1=0.07500 val_l1=0.07261 val_psnr=20.197 val_ssim=0.6235 elapsed=3.3m
[15:30:25]   ep16 step50/50 g800 loss=0.07225 lr=1.50e-04 0.26s/it
[15:30:26] epoch 16/40 train_l1=0.07225 val_l1=0.07704 val_psnr=19.701 val_ssim=0.6214 elapsed=3.5m
[15:30:38]   ep17 step50/50 g850 loss=0.06895 lr=1.42e-04 0.26s/it
[15:30:39] epoch 17/40 train_l1=0.06895 val_l1=0.06570 val_psnr=20.833 val_ssim=0.6375 elapsed=3.8m
[15:30:52]   ep18 step50/50 g900 loss=0.07274 lr=1.34e-04 0.26s/it
[15:30:53] epoch 18/40 train_l1=0.07274 val_l1=0.06682 val_psnr=20.666 val_ssim=0.6418 elapsed=4.0m
[15:31:05]   ep19 step50/50 g950 loss=0.06619 lr=1.26e-04 0.26s/it
[15:31:05] epoch 19/40 train_l1=0.06619 val_l1=0.06306 val_psnr=21.122 val_ssim=0.6483 elapsed=4.2m
[15:31:19]   ep20 step50/50 g1000 loss=0.06784 lr=1.17e-04 0.26s/it
[15:31:19] epoch 20/40 train_l1=0.06784 val_l1=0.07290 val_psnr=20.195 val_ssim=0.6413 elapsed=4.4m
[15:31:32]   ep21 step50/50 g1050 loss=0.06898 lr=1.09e-04 0.26s/it
[15:31:32] epoch 21/40 train_l1=0.06898 val_l1=0.06310 val_psnr=21.083 val_ssim=0.6547 elapsed=4.6m
[15:31:44]   ep22 step50/50 g1100 loss=0.06647 lr=1.00e-04 0.26s/it
[15:31:45] epoch 22/40 train_l1=0.06647 val_l1=0.06139 val_psnr=21.315 val_ssim=0.6572 elapsed=4.9m
[15:31:58]   ep23 step50/50 g1150 loss=0.06424 lr=9.13e-05 0.26s/it
[15:31:59] epoch 23/40 train_l1=0.06424 val_l1=0.06094 val_psnr=21.282 val_ssim=0.6621 elapsed=5.1m
[15:32:12]   ep24 step50/50 g1200 loss=0.06354 lr=8.26e-05 0.27s/it
[15:32:13] epoch 24/40 train_l1=0.06354 val_l1=0.06697 val_psnr=20.705 val_ssim=0.6546 elapsed=5.3m
[15:32:25]   ep25 step50/50 g1250 loss=0.06406 lr=7.41e-05 0.26s/it
[15:32:25] epoch 25/40 train_l1=0.06406 val_l1=0.06231 val_psnr=21.192 val_ssim=0.6660 elapsed=5.5m
[15:32:38]   ep26 step50/50 g1300 loss=0.06145 lr=6.58e-05 0.26s/it
[15:32:38] epoch 26/40 train_l1=0.06145 val_l1=0.06044 val_psnr=21.473 val_ssim=0.6652 elapsed=5.7m
[15:32:51]   ep27 step50/50 g1350 loss=0.06276 lr=5.77e-05 0.26s/it
[15:32:52] epoch 27/40 train_l1=0.06276 val_l1=0.06063 val_psnr=21.356 val_ssim=0.6659 elapsed=6.0m
[15:33:04]   ep28 step50/50 g1400 loss=0.06114 lr=5.00e-05 0.26s/it
[15:33:04] epoch 28/40 train_l1=0.06114 val_l1=0.05890 val_psnr=21.625 val_ssim=0.6694 elapsed=6.2m
[15:33:18]   ep29 step50/50 g1450 loss=0.05919 lr=4.26e-05 0.26s/it
[15:33:18] epoch 29/40 train_l1=0.05919 val_l1=0.06013 val_psnr=21.503 val_ssim=0.6684 elapsed=6.4m
[15:33:31]   ep30 step50/50 g1500 loss=0.06037 lr=3.57e-05 0.26s/it
[15:33:31] epoch 30/40 train_l1=0.06037 val_l1=0.06133 val_psnr=21.339 val_ssim=0.6681 elapsed=6.6m
[15:33:44]   ep31 step50/50 g1550 loss=0.05869 lr=2.93e-05 0.26s/it
[15:33:44] epoch 31/40 train_l1=0.05869 val_l1=0.05825 val_psnr=21.631 val_ssim=0.6735 elapsed=6.8m
[15:33:57]   ep32 step50/50 g1600 loss=0.05793 lr=2.34e-05 0.26s/it
[15:33:58] epoch 32/40 train_l1=0.05793 val_l1=0.05692 val_psnr=21.771 val_ssim=0.6758 elapsed=7.1m
[15:34:11]   ep33 step50/50 g1650 loss=0.05779 lr=1.81e-05 0.26s/it
[15:34:11] epoch 33/40 train_l1=0.05779 val_l1=0.05719 val_psnr=21.780 val_ssim=0.6751 elapsed=7.3m
[15:34:24]   ep34 step50/50 g1700 loss=0.05782 lr=1.34e-05 0.26s/it
[15:34:25] epoch 34/40 train_l1=0.05782 val_l1=0.05748 val_psnr=21.714 val_ssim=0.6752 elapsed=7.5m
[15:34:37]   ep35 step50/50 g1750 loss=0.05754 lr=9.37e-06 0.26s/it
[15:34:37] epoch 35/40 train_l1=0.05754 val_l1=0.05733 val_psnr=21.729 val_ssim=0.6760 elapsed=7.7m
[15:34:50]   ep36 step50/50 g1800 loss=0.05688 lr=6.03e-06 0.26s/it
[15:34:50] epoch 36/40 train_l1=0.05688 val_l1=0.05683 val_psnr=21.803 val_ssim=0.6767 elapsed=7.9m
[15:35:04]   ep37 step50/50 g1850 loss=0.05657 lr=3.41e-06 0.26s/it
[15:35:04] epoch 37/40 train_l1=0.05657 val_l1=0.05692 val_psnr=21.792 val_ssim=0.6764 elapsed=8.2m
[15:35:17]   ep38 step50/50 g1900 loss=0.05624 lr=1.52e-06 0.26s/it
[15:35:18] epoch 38/40 train_l1=0.05624 val_l1=0.05660 val_psnr=21.810 val_ssim=0.6767 elapsed=8.4m
[15:35:31]   ep39 step50/50 g1950 loss=0.05561 lr=3.81e-07 0.27s/it
[15:35:32] epoch 39/40 train_l1=0.05561 val_l1=0.05659 val_psnr=21.808 val_ssim=0.6770 elapsed=8.6m
[15:35:45]   ep40 step50/50 g2000 loss=0.05638 lr=0.00e+00 0.27s/it
[15:35:46] epoch 40/40 train_l1=0.05638 val_l1=0.05670 val_psnr=21.819 val_ssim=0.6771 elapsed=8.9m
[15:35:47] DONE best_val_l1=0.05659 total=8.9m
