[16:04:24] === resnet-18 @ 448 ===
[16:04:24] resnet-18: source=microsoft/resnet-18 depths=(2, 2, 2, 2) encoder_tensors=120 matched=120 missing=0 (100% matched)
[16:04:24] params total=20.93M trainable=20.93M amp=bf16
[16:04:26] auto batch_size = 8
[16:04:39]   ep1 step50/100 g50 loss=0.18468 lr=5.10e-05 0.27s/it
[16:04:52]   ep1 step100/100 g100 loss=0.16732 lr=1.01e-04 0.26s/it
[16:04:53] epoch 1/40 train_l1=0.16732 val_l1=0.14329 val_psnr=14.895 val_ssim=0.4273 elapsed=0.5m
[16:05:06]   ep2 step50/100 g150 loss=0.12735 lr=1.51e-04 0.27s/it
[16:05:19]   ep2 step100/100 g200 loss=0.12440 lr=2.00e-04 0.27s/it
[16:05:20] epoch 2/40 train_l1=0.12440 val_l1=0.11320 val_psnr=16.641 val_ssim=0.5271 elapsed=0.9m
[16:05:33]   ep3 step50/100 g250 loss=0.10654 lr=2.00e-04 0.27s/it
[16:05:45]   ep3 step100/100 g300 loss=0.10410 lr=2.00e-04 0.26s/it
[16:05:46] epoch 3/40 train_l1=0.10410 val_l1=0.09039 val_psnr=18.552 val_ssim=0.5888 elapsed=1.3m
[16:05:59]   ep4 step50/100 g350 loss=0.09449 lr=1.99e-04 0.27s/it
[16:06:11]   ep4 step100/100 g400 loss=0.09055 lr=1.99e-04 0.26s/it
[16:06:12] epoch 4/40 train_l1=0.09055 val_l1=0.09864 val_psnr=17.929 val_ssim=0.5967 elapsed=1.8m
[16:06:25]   ep5 step50/100 g450 loss=0.07977 lr=1.98e-04 0.27s/it
[16:06:38]   ep5 step100/100 g500 loss=0.07957 lr=1.97e-04 0.26s/it
[16:06:39] epoch 5/40 train_l1=0.07957 val_l1=0.07173 val_psnr=20.317 val_ssim=0.6256 elapsed=2.2m
[16:06:51]   ep6 step50/100 g550 loss=0.08368 lr=1.96e-04 0.26s/it
[16:07:04]   ep6 step100/100 g600 loss=0.08389 lr=1.95e-04 0.26s/it
[16:07:05] epoch 6/40 train_l1=0.08389 val_l1=0.07067 val_psnr=20.306 val_ssim=0.6345 elapsed=2.7m
[16:07:18]   ep7 step50/100 g650 loss=0.07531 lr=1.93e-04 0.26s/it
[16:07:30]   ep7 step100/100 g700 loss=0.07450 lr=1.92e-04 0.26s/it
[16:07:31] epoch 7/40 train_l1=0.07450 val_l1=0.07139 val_psnr=20.323 val_ssim=0.6382 elapsed=3.1m
[16:07:44]   ep8 step50/100 g750 loss=0.07256 lr=1.90e-04 0.26s/it
[16:07:57]   ep8 step100/100 g800 loss=0.07239 lr=1.88e-04 0.26s/it
[16:07:58] epoch 8/40 train_l1=0.07239 val_l1=0.07666 val_psnr=20.030 val_ssim=0.6394 elapsed=3.5m
[16:08:11]   ep9 step50/100 g850 loss=0.07075 lr=1.86e-04 0.26s/it
[16:08:24]   ep9 step100/100 g900 loss=0.06917 lr=1.84e-04 0.26s/it
[16:08:25] epoch 9/40 train_l1=0.06917 val_l1=0.06763 val_psnr=20.782 val_ssim=0.6519 elapsed=4.0m
[16:08:38]   ep10 step50/100 g950 loss=0.06747 lr=1.81e-04 0.27s/it
[16:08:51]   ep10 step100/100 g1000 loss=0.06769 lr=1.79e-04 0.26s/it
[16:08:52] epoch 10/40 train_l1=0.06769 val_l1=0.06380 val_psnr=21.244 val_ssim=0.6594 elapsed=4.4m
[16:09:05]   ep11 step50/100 g1050 loss=0.07088 lr=1.76e-04 0.27s/it
[16:09:18]   ep11 step100/100 g1100 loss=0.06870 lr=1.74e-04 0.27s/it
[16:09:19] epoch 11/40 train_l1=0.06870 val_l1=0.06025 val_psnr=21.530 val_ssim=0.6680 elapsed=4.9m
[16:09:32]   ep12 step50/100 g1150 loss=0.06576 lr=1.71e-04 0.27s/it
[16:09:44]   ep12 step100/100 g1200 loss=0.06558 lr=1.68e-04 0.27s/it
[16:09:45] epoch 12/40 train_l1=0.06558 val_l1=0.06316 val_psnr=21.262 val_ssim=0.6722 elapsed=5.3m
[16:09:57]   ep13 step50/100 g1250 loss=0.06621 lr=1.65e-04 0.27s/it
[16:10:10]   ep13 step100/100 g1300 loss=0.06431 lr=1.61e-04 0.26s/it
[16:10:11] epoch 13/40 train_l1=0.06431 val_l1=0.06161 val_psnr=21.479 val_ssim=0.6693 elapsed=5.8m
[16:10:23]   ep14 step50/100 g1350 loss=0.06192 lr=1.58e-04 0.26s/it
[16:10:36]   ep14 step100/100 g1400 loss=0.06151 lr=1.55e-04 0.26s/it
[16:10:37] epoch 14/40 train_l1=0.06151 val_l1=0.05951 val_psnr=21.667 val_ssim=0.6821 elapsed=6.2m
[16:10:50]   ep15 step50/100 g1450 loss=0.06107 lr=1.51e-04 0.26s/it
[16:11:02]   ep15 step100/100 g1500 loss=0.06230 lr=1.48e-04 0.26s/it
[16:11:03] epoch 15/40 train_l1=0.06230 val_l1=0.06227 val_psnr=21.439 val_ssim=0.6718 elapsed=6.6m
[16:11:16]   ep16 step50/100 g1550 loss=0.05899 lr=1.44e-04 0.26s/it
[16:11:28]   ep16 step100/100 g1600 loss=0.05939 lr=1.40e-04 0.26s/it
[16:11:29] epoch 16/40 train_l1=0.05939 val_l1=0.05673 val_psnr=21.998 val_ssim=0.6853 elapsed=7.1m
[16:11:42]   ep17 step50/100 g1650 loss=0.05908 lr=1.36e-04 0.26s/it
[16:11:54]   ep17 step100/100 g1700 loss=0.05930 lr=1.32e-04 0.26s/it
[16:11:55] epoch 17/40 train_l1=0.05930 val_l1=0.05547 val_psnr=22.276 val_ssim=0.6851 elapsed=7.5m
[16:12:08]   ep18 step50/100 g1750 loss=0.05676 lr=1.29e-04 0.26s/it
[16:12:21]   ep18 step100/100 g1800 loss=0.05765 lr=1.25e-04 0.26s/it
[16:12:22] epoch 18/40 train_l1=0.05765 val_l1=0.05555 val_psnr=22.223 val_ssim=0.6874 elapsed=7.9m
[16:12:35]   ep19 step50/100 g1850 loss=0.05874 lr=1.21e-04 0.26s/it
[16:12:47]   ep19 step100/100 g1900 loss=0.05716 lr=1.16e-04 0.26s/it
[16:12:48] epoch 19/40 train_l1=0.05716 val_l1=0.05444 val_psnr=22.262 val_ssim=0.6940 elapsed=8.4m
[16:13:01]   ep20 step50/100 g1950 loss=0.05610 lr=1.12e-04 0.26s/it
[16:13:13]   ep20 step100/100 g2000 loss=0.05716 lr=1.08e-04 0.26s/it
[16:13:14] epoch 20/40 train_l1=0.05716 val_l1=0.05405 val_psnr=22.321 val_ssim=0.6878 elapsed=8.8m
[16:13:27]   ep21 step50/100 g2050 loss=0.05568 lr=1.04e-04 0.26s/it
[16:13:39]   ep21 step100/100 g2100 loss=0.05442 lr=1.00e-04 0.26s/it
[16:13:40] epoch 21/40 train_l1=0.05442 val_l1=0.05151 val_psnr=22.596 val_ssim=0.6960 elapsed=9.2m
[16:13:53]   ep22 step50/100 g2150 loss=0.05397 lr=9.59e-05 0.26s/it
[16:14:06]   ep22 step100/100 g2200 loss=0.05353 lr=9.17e-05 0.26s/it
[16:14:07] epoch 22/40 train_l1=0.05353 val_l1=0.05037 val_psnr=22.781 val_ssim=0.6996 elapsed=9.7m
[16:14:19]   ep23 step50/100 g2250 loss=0.05472 lr=8.76e-05 0.26s/it
[16:14:32]   ep23 step100/100 g2300 loss=0.05505 lr=8.35e-05 0.26s/it
[16:14:33] epoch 23/40 train_l1=0.05505 val_l1=0.05108 val_psnr=22.688 val_ssim=0.7014 elapsed=10.1m
[16:14:45]   ep24 step50/100 g2350 loss=0.05194 lr=7.95e-05 0.26s/it
[16:14:57]   ep24 step100/100 g2400 loss=0.05370 lr=7.55e-05 0.26s/it
[16:14:58] epoch 24/40 train_l1=0.05370 val_l1=0.05055 val_psnr=22.821 val_ssim=0.7021 elapsed=10.5m
[16:15:11]   ep25 step50/100 g2450 loss=0.05338 lr=7.15e-05 0.26s/it
[16:15:23]   ep25 step100/100 g2500 loss=0.05299 lr=6.75e-05 0.26s/it
[16:15:24] epoch 25/40 train_l1=0.05299 val_l1=0.05066 val_psnr=22.822 val_ssim=0.7018 elapsed=11.0m
[16:15:37]   ep26 step50/100 g2550 loss=0.05352 lr=6.36e-05 0.26s/it
[16:15:50]   ep26 step100/100 g2600 loss=0.05255 lr=5.98e-05 0.26s/it
[16:15:51] epoch 26/40 train_l1=0.05255 val_l1=0.04876 val_psnr=22.944 val_ssim=0.7040 elapsed=11.4m
[16:16:03]   ep27 step50/100 g2650 loss=0.05217 lr=5.61e-05 0.26s/it
[16:16:16]   ep27 step100/100 g2700 loss=0.05165 lr=5.24e-05 0.26s/it
[16:16:17] epoch 27/40 train_l1=0.05165 val_l1=0.04989 val_psnr=22.938 val_ssim=0.7057 elapsed=11.9m
[16:16:30]   ep28 step50/100 g2750 loss=0.05162 lr=4.88e-05 0.26s/it
[16:16:42]   ep28 step100/100 g2800 loss=0.05091 lr=4.53e-05 0.26s/it
[16:16:43] epoch 28/40 train_l1=0.05091 val_l1=0.04802 val_psnr=23.070 val_ssim=0.7078 elapsed=12.3m
[16:16:56]   ep29 step50/100 g2850 loss=0.05019 lr=4.19e-05 0.26s/it
[16:17:09]   ep29 step100/100 g2900 loss=0.05092 lr=3.86e-05 0.26s/it
[16:17:10] epoch 29/40 train_l1=0.05092 val_l1=0.05200 val_psnr=22.707 val_ssim=0.7058 elapsed=12.7m
[16:17:23]   ep30 step50/100 g2950 loss=0.05038 lr=3.54e-05 0.26s/it
[16:17:35]   ep30 step100/100 g3000 loss=0.04977 lr=3.23e-05 0.26s/it
[16:17:36] epoch 30/40 train_l1=0.04977 val_l1=0.04931 val_psnr=22.848 val_ssim=0.7066 elapsed=13.2m
[16:17:49]   ep31 step50/100 g3050 loss=0.04945 lr=2.93e-05 0.26s/it
[16:18:01]   ep31 step100/100 g3100 loss=0.04942 lr=2.64e-05 0.26s/it
[16:18:02] epoch 31/40 train_l1=0.04942 val_l1=0.04811 val_psnr=23.017 val_ssim=0.7090 elapsed=13.6m
[16:18:15]   ep32 step50/100 g3150 loss=0.04888 lr=2.37e-05 0.26s/it
[16:18:27]   ep32 step100/100 g3200 loss=0.04982 lr=2.11e-05 0.26s/it
[16:18:28] epoch 32/40 train_l1=0.04982 val_l1=0.04741 val_psnr=23.178 val_ssim=0.7105 elapsed=14.0m
[16:18:42]   ep33 step50/100 g3250 loss=0.04747 lr=1.86e-05 0.26s/it
[16:18:54]   ep33 step100/100 g3300 loss=0.04787 lr=1.63e-05 0.26s/it
[16:18:55] epoch 33/40 train_l1=0.04787 val_l1=0.04699 val_psnr=23.195 val_ssim=0.7106 elapsed=14.5m
[16:19:08]   ep34 step50/100 g3350 loss=0.04828 lr=1.41e-05 0.26s/it
[16:19:20]   ep34 step100/100 g3400 loss=0.04832 lr=1.21e-05 0.26s/it
[16:19:21] epoch 34/40 train_l1=0.04832 val_l1=0.04713 val_psnr=23.181 val_ssim=0.7126 elapsed=14.9m
[16:19:34]   ep35 step50/100 g3450 loss=0.04719 lr=1.02e-05 0.26s/it
[16:19:47]   ep35 step100/100 g3500 loss=0.04742 lr=8.42e-06 0.26s/it
[16:19:48] epoch 35/40 train_l1=0.04742 val_l1=0.04661 val_psnr=23.246 val_ssim=0.7125 elapsed=15.4m
[16:20:00]   ep36 step50/100 g3550 loss=0.04807 lr=6.84e-06 0.26s/it
[16:20:13]   ep36 step100/100 g3600 loss=0.04769 lr=5.42e-06 0.26s/it
[16:20:14] epoch 36/40 train_l1=0.04769 val_l1=0.04652 val_psnr=23.238 val_ssim=0.7128 elapsed=15.8m
[16:20:27]   ep37 step50/100 g3650 loss=0.04829 lr=4.16e-06 0.26s/it
[16:20:39]   ep37 step100/100 g3700 loss=0.04785 lr=3.06e-06 0.26s/it
[16:20:40] epoch 37/40 train_l1=0.04785 val_l1=0.04652 val_psnr=23.237 val_ssim=0.7126 elapsed=16.2m
[16:20:52]   ep38 step50/100 g3750 loss=0.04752 lr=2.13e-06 0.26s/it
[16:21:05]   ep38 step100/100 g3800 loss=0.04703 lr=1.36e-06 0.26s/it
[16:21:06] epoch 38/40 train_l1=0.04703 val_l1=0.04649 val_psnr=23.257 val_ssim=0.7135 elapsed=16.7m
[16:21:19]   ep39 step50/100 g3850 loss=0.04871 lr=7.68e-07 0.26s/it
[16:21:31]   ep39 step100/100 g3900 loss=0.04758 lr=3.42e-07 0.26s/it
[16:21:32] epoch 39/40 train_l1=0.04758 val_l1=0.04684 val_psnr=23.203 val_ssim=0.7137 elapsed=17.1m
[16:21:45]   ep40 step50/100 g3950 loss=0.04628 lr=8.54e-08 0.26s/it
[16:21:57]   ep40 step100/100 g4000 loss=0.04685 lr=0.00e+00 0.26s/it
[16:21:58] epoch 40/40 train_l1=0.04685 val_l1=0.04659 val_psnr=23.220 val_ssim=0.7113 elapsed=17.5m
[16:21:58] DONE best_val_l1=0.04649 total=17.5m
