[15:08:38] === resnet-18 @ 224 ===
[15:08:39] resnet-18: source=microsoft/resnet-18 depths=(2, 2, 2, 2) encoder_tensors=120 matched=120 missing=0 (100% matched)
[15:08:39] params total=20.93M trainable=20.93M amp=bf16
[15:08:40] auto batch_size = 16
[15:08:47]   ep1 step50/50 g50 loss=0.18862 lr=5.10e-05 0.14s/it
[15:08:48] epoch 1/40 train_l1=0.18862 val_l1=0.15108 val_psnr=14.236 val_ssim=0.3210 elapsed=0.1m
[15:08:55]   ep2 step50/50 g100 loss=0.13891 lr=1.01e-04 0.15s/it
[15:08:55] epoch 2/40 train_l1=0.13891 val_l1=0.12425 val_psnr=16.010 val_ssim=0.4146 elapsed=0.3m
[15:09:03]   ep3 step50/50 g150 loss=0.11681 lr=1.51e-04 0.15s/it
[15:09:03] epoch 3/40 train_l1=0.11681 val_l1=0.11568 val_psnr=16.303 val_ssim=0.4545 elapsed=0.4m
[15:09:10]   ep4 step50/50 g200 loss=0.11047 lr=2.00e-04 0.15s/it
[15:09:11] epoch 4/40 train_l1=0.11047 val_l1=0.10142 val_psnr=17.494 val_ssim=0.5264 elapsed=0.5m
[15:09:18]   ep5 step50/50 g250 loss=0.09926 lr=2.00e-04 0.15s/it
[15:09:18] epoch 5/40 train_l1=0.09926 val_l1=0.10888 val_psnr=16.875 val_ssim=0.5325 elapsed=0.6m
[15:09:25]   ep6 step50/50 g300 loss=0.09159 lr=1.98e-04 0.15s/it
[15:09:26] epoch 6/40 train_l1=0.09159 val_l1=0.12595 val_psnr=16.008 val_ssim=0.5398 elapsed=0.8m
[15:09:33]   ep7 step50/50 g350 loss=0.09964 lr=1.97e-04 0.15s/it
[15:09:33] epoch 7/40 train_l1=0.09964 val_l1=0.08738 val_psnr=18.769 val_ssim=0.5702 elapsed=0.9m
[15:09:40]   ep8 step50/50 g400 loss=0.08428 lr=1.94e-04 0.15s/it
[15:09:41] epoch 8/40 train_l1=0.08428 val_l1=0.08323 val_psnr=19.188 val_ssim=0.5901 elapsed=1.0m
[15:09:48]   ep9 step50/50 g450 loss=0.08208 lr=1.91e-04 0.15s/it
[15:09:48] epoch 9/40 train_l1=0.08208 val_l1=0.08333 val_psnr=19.090 val_ssim=0.5981 elapsed=1.1m
[15:09:55]   ep10 step50/50 g500 loss=0.07921 lr=1.87e-04 0.15s/it
[15:09:56] epoch 10/40 train_l1=0.07921 val_l1=0.07870 val_psnr=19.606 val_ssim=0.6039 elapsed=1.3m
[15:10:03]   ep11 step50/50 g550 loss=0.07628 lr=1.82e-04 0.15s/it
[15:10:03] epoch 11/40 train_l1=0.07628 val_l1=0.07469 val_psnr=19.882 val_ssim=0.6139 elapsed=1.4m
[15:10:11]   ep12 step50/50 g600 loss=0.07468 lr=1.77e-04 0.15s/it
[15:10:11] epoch 12/40 train_l1=0.07468 val_l1=0.07050 val_psnr=20.307 val_ssim=0.6211 elapsed=1.5m
[15:10:19]   ep13 step50/50 g650 loss=0.07535 lr=1.71e-04 0.15s/it
[15:10:19] epoch 13/40 train_l1=0.07535 val_l1=0.07153 val_psnr=20.215 val_ssim=0.6215 elapsed=1.7m
[15:10:26]   ep14 step50/50 g700 loss=0.07089 lr=1.64e-04 0.15s/it
[15:10:27] epoch 14/40 train_l1=0.07089 val_l1=0.06775 val_psnr=20.645 val_ssim=0.6313 elapsed=1.8m
[15:10:34]   ep15 step50/50 g750 loss=0.06999 lr=1.57e-04 0.15s/it
[15:10:34] epoch 15/40 train_l1=0.06999 val_l1=0.06720 val_psnr=20.695 val_ssim=0.6358 elapsed=1.9m
[15:10:42]   ep16 step50/50 g800 loss=0.06842 lr=1.50e-04 0.15s/it
[15:10:42] epoch 16/40 train_l1=0.06842 val_l1=0.07115 val_psnr=20.250 val_ssim=0.6364 elapsed=2.0m
[15:10:49]   ep17 step50/50 g850 loss=0.06761 lr=1.42e-04 0.15s/it
[15:10:49] epoch 17/40 train_l1=0.06761 val_l1=0.06497 val_psnr=20.924 val_ssim=0.6434 elapsed=2.2m
[15:10:57]   ep18 step50/50 g900 loss=0.06683 lr=1.34e-04 0.15s/it
[15:10:57] epoch 18/40 train_l1=0.06683 val_l1=0.06416 val_psnr=20.903 val_ssim=0.6425 elapsed=2.3m
[15:11:04]   ep19 step50/50 g950 loss=0.06380 lr=1.26e-04 0.15s/it
[15:11:05] epoch 19/40 train_l1=0.06380 val_l1=0.06130 val_psnr=21.275 val_ssim=0.6503 elapsed=2.4m
[15:11:12]   ep20 step50/50 g1000 loss=0.06212 lr=1.17e-04 0.15s/it
[15:11:12] epoch 20/40 train_l1=0.06212 val_l1=0.06065 val_psnr=21.331 val_ssim=0.6526 elapsed=2.5m
[15:11:20]   ep21 step50/50 g1050 loss=0.06749 lr=1.09e-04 0.15s/it
[15:11:20] epoch 21/40 train_l1=0.06749 val_l1=0.06241 val_psnr=21.249 val_ssim=0.6510 elapsed=2.7m
[15:11:27]   ep22 step50/50 g1100 loss=0.06270 lr=1.00e-04 0.15s/it
[15:11:27] epoch 22/40 train_l1=0.06270 val_l1=0.06231 val_psnr=21.171 val_ssim=0.6542 elapsed=2.8m
[15:11:35]   ep23 step50/50 g1150 loss=0.06225 lr=9.13e-05 0.15s/it
[15:11:35] epoch 23/40 train_l1=0.06225 val_l1=0.06082 val_psnr=21.395 val_ssim=0.6591 elapsed=2.9m
[15:11:42]   ep24 step50/50 g1200 loss=0.06069 lr=8.26e-05 0.15s/it
[15:11:42] epoch 24/40 train_l1=0.06069 val_l1=0.06264 val_psnr=21.151 val_ssim=0.6597 elapsed=3.0m
[15:11:50]   ep25 step50/50 g1250 loss=0.06036 lr=7.41e-05 0.15s/it
[15:11:50] epoch 25/40 train_l1=0.06036 val_l1=0.05759 val_psnr=21.707 val_ssim=0.6639 elapsed=3.2m
[15:11:57]   ep26 step50/50 g1300 loss=0.05921 lr=6.58e-05 0.15s/it
[15:11:58] epoch 26/40 train_l1=0.05921 val_l1=0.06144 val_psnr=21.419 val_ssim=0.6619 elapsed=3.3m
[15:12:05]   ep27 step50/50 g1350 loss=0.05924 lr=5.77e-05 0.15s/it
[15:12:05] epoch 27/40 train_l1=0.05924 val_l1=0.06232 val_psnr=21.327 val_ssim=0.6629 elapsed=3.4m
[15:12:12]   ep28 step50/50 g1400 loss=0.05835 lr=5.00e-05 0.15s/it
[15:12:13] epoch 28/40 train_l1=0.05835 val_l1=0.05955 val_psnr=21.509 val_ssim=0.6659 elapsed=3.5m
[15:12:20]   ep29 step50/50 g1450 loss=0.05706 lr=4.26e-05 0.15s/it
[15:12:20] epoch 29/40 train_l1=0.05706 val_l1=0.05775 val_psnr=21.680 val_ssim=0.6672 elapsed=3.7m
[15:12:27]   ep30 step50/50 g1500 loss=0.05697 lr=3.57e-05 0.15s/it
[15:12:28] epoch 30/40 train_l1=0.05697 val_l1=0.05711 val_psnr=21.800 val_ssim=0.6691 elapsed=3.8m
[15:12:35]   ep31 step50/50 g1550 loss=0.05480 lr=2.93e-05 0.15s/it
[15:12:35] epoch 31/40 train_l1=0.05480 val_l1=0.05613 val_psnr=21.886 val_ssim=0.6708 elapsed=3.9m
[15:12:43]   ep32 step50/50 g1600 loss=0.05519 lr=2.34e-05 0.15s/it
[15:12:43] epoch 32/40 train_l1=0.05519 val_l1=0.05656 val_psnr=21.871 val_ssim=0.6737 elapsed=4.1m
[15:12:50]   ep33 step50/50 g1650 loss=0.05496 lr=1.81e-05 0.15s/it
[15:12:51] epoch 33/40 train_l1=0.05496 val_l1=0.05589 val_psnr=21.904 val_ssim=0.6735 elapsed=4.2m
[15:12:58]   ep34 step50/50 g1700 loss=0.05461 lr=1.34e-05 0.15s/it
[15:12:58] epoch 34/40 train_l1=0.05461 val_l1=0.05566 val_psnr=21.926 val_ssim=0.6740 elapsed=4.3m
[15:13:06]   ep35 step50/50 g1750 loss=0.05466 lr=9.37e-06 0.15s/it
[15:13:06] epoch 35/40 train_l1=0.05466 val_l1=0.05547 val_psnr=21.948 val_ssim=0.6737 elapsed=4.4m
[15:13:13]   ep36 step50/50 g1800 loss=0.05380 lr=6.03e-06 0.15s/it
[15:13:13] epoch 36/40 train_l1=0.05380 val_l1=0.05529 val_psnr=21.977 val_ssim=0.6752 elapsed=4.6m
[15:13:20]   ep37 step50/50 g1850 loss=0.05419 lr=3.41e-06 0.15s/it
[15:13:21] epoch 37/40 train_l1=0.05419 val_l1=0.05522 val_psnr=21.972 val_ssim=0.6748 elapsed=4.7m
[15:13:28]   ep38 step50/50 g1900 loss=0.05371 lr=1.52e-06 0.15s/it
[15:13:29] epoch 38/40 train_l1=0.05371 val_l1=0.05498 val_psnr=21.988 val_ssim=0.6742 elapsed=4.8m
[15:13:36]   ep39 step50/50 g1950 loss=0.05388 lr=3.81e-07 0.15s/it
[15:13:36] epoch 39/40 train_l1=0.05388 val_l1=0.05503 val_psnr=21.996 val_ssim=0.6746 elapsed=4.9m
[15:13:43]   ep40 step50/50 g2000 loss=0.05324 lr=0.00e+00 0.15s/it
[15:13:44] epoch 40/40 train_l1=0.05324 val_l1=0.05513 val_psnr=21.974 val_ssim=0.6739 elapsed=5.1m
[15:13:44] DONE best_val_l1=0.05498 total=5.1m
