[15:03:39] === resnet-10 @ 224 ===
[15:03:40] resnet-10: source=microsoft/resnet-18 depths=(1, 1, 1, 1) encoder_tensors=72 matched=72 missing=0 (100% matched)
[15:03:40] params total=13.03M trainable=13.03M amp=bf16
[15:03:41] auto batch_size = 16
[15:03:48]   ep1 step50/50 g50 loss=0.16946 lr=5.10e-05 0.15s/it
[15:03:49] epoch 1/40 train_l1=0.16946 val_l1=0.13397 val_psnr=15.303 val_ssim=0.3591 elapsed=0.1m
[15:03:56]   ep2 step50/50 g100 loss=0.12480 lr=1.01e-04 0.15s/it
[15:03:56] epoch 2/40 train_l1=0.12480 val_l1=0.12452 val_psnr=15.935 val_ssim=0.4384 elapsed=0.3m
[15:04:03]   ep3 step50/50 g150 loss=0.11479 lr=1.51e-04 0.15s/it
[15:04:04] epoch 3/40 train_l1=0.11479 val_l1=0.09608 val_psnr=17.870 val_ssim=0.5065 elapsed=0.4m
[15:04:11]   ep4 step50/50 g200 loss=0.10624 lr=2.00e-04 0.15s/it
[15:04:11] epoch 4/40 train_l1=0.10624 val_l1=0.11180 val_psnr=16.746 val_ssim=0.5260 elapsed=0.5m
[15:04:18]   ep5 step50/50 g250 loss=0.09754 lr=2.00e-04 0.15s/it
[15:04:18] epoch 5/40 train_l1=0.09754 val_l1=0.08853 val_psnr=18.575 val_ssim=0.5648 elapsed=0.6m
[15:04:25]   ep6 step50/50 g300 loss=0.09099 lr=1.98e-04 0.15s/it
[15:04:25] epoch 6/40 train_l1=0.09099 val_l1=0.08786 val_psnr=18.775 val_ssim=0.5792 elapsed=0.7m
[15:04:32]   ep7 step50/50 g350 loss=0.08955 lr=1.97e-04 0.15s/it
[15:04:33] epoch 7/40 train_l1=0.08955 val_l1=0.08104 val_psnr=19.447 val_ssim=0.5917 elapsed=0.9m
[15:04:39]   ep8 step50/50 g400 loss=0.08431 lr=1.94e-04 0.15s/it
[15:04:40] epoch 8/40 train_l1=0.08431 val_l1=0.07955 val_psnr=19.459 val_ssim=0.5924 elapsed=1.0m
[15:04:47]   ep9 step50/50 g450 loss=0.08235 lr=1.91e-04 0.15s/it
[15:04:47] epoch 9/40 train_l1=0.08235 val_l1=0.07375 val_psnr=19.903 val_ssim=0.6057 elapsed=1.1m
[15:04:54]   ep10 step50/50 g500 loss=0.07559 lr=1.87e-04 0.15s/it
[15:04:55] epoch 10/40 train_l1=0.07559 val_l1=0.06904 val_psnr=20.484 val_ssim=0.6189 elapsed=1.2m
[15:05:02]   ep11 step50/50 g550 loss=0.07204 lr=1.82e-04 0.15s/it
[15:05:02] epoch 11/40 train_l1=0.07204 val_l1=0.06952 val_psnr=20.422 val_ssim=0.6194 elapsed=1.4m
[15:05:09]   ep12 step50/50 g600 loss=0.07447 lr=1.77e-04 0.15s/it
[15:05:09] epoch 12/40 train_l1=0.07447 val_l1=0.07105 val_psnr=20.296 val_ssim=0.6242 elapsed=1.5m
[15:05:16]   ep13 step50/50 g650 loss=0.07033 lr=1.71e-04 0.15s/it
[15:05:16] epoch 13/40 train_l1=0.07033 val_l1=0.06686 val_psnr=20.751 val_ssim=0.6289 elapsed=1.6m
[15:05:23]   ep14 step50/50 g700 loss=0.06983 lr=1.64e-04 0.15s/it
[15:05:23] epoch 14/40 train_l1=0.06983 val_l1=0.07490 val_psnr=19.930 val_ssim=0.6196 elapsed=1.7m
[15:05:30]   ep15 step50/50 g750 loss=0.07249 lr=1.57e-04 0.15s/it
[15:05:31] epoch 15/40 train_l1=0.07249 val_l1=0.07546 val_psnr=19.860 val_ssim=0.6311 elapsed=1.8m
[15:05:37]   ep16 step50/50 g800 loss=0.06960 lr=1.50e-04 0.15s/it
[15:05:38] epoch 16/40 train_l1=0.06960 val_l1=0.06502 val_psnr=20.890 val_ssim=0.6366 elapsed=2.0m
[15:05:45]   ep17 step50/50 g850 loss=0.06894 lr=1.42e-04 0.15s/it
[15:05:45] epoch 17/40 train_l1=0.06894 val_l1=0.06926 val_psnr=20.537 val_ssim=0.6364 elapsed=2.1m
[15:05:52]   ep18 step50/50 g900 loss=0.06708 lr=1.34e-04 0.15s/it
[15:05:52] epoch 18/40 train_l1=0.06708 val_l1=0.06432 val_psnr=20.972 val_ssim=0.6428 elapsed=2.2m
[15:05:59]   ep19 step50/50 g950 loss=0.06490 lr=1.26e-04 0.15s/it
[15:05:59] epoch 19/40 train_l1=0.06490 val_l1=0.06352 val_psnr=21.153 val_ssim=0.6449 elapsed=2.3m
[15:06:06]   ep20 step50/50 g1000 loss=0.06452 lr=1.17e-04 0.15s/it
[15:06:07] epoch 20/40 train_l1=0.06452 val_l1=0.06940 val_psnr=20.687 val_ssim=0.6451 elapsed=2.4m
[15:06:14]   ep21 step50/50 g1050 loss=0.06232 lr=1.09e-04 0.15s/it
[15:06:14] epoch 21/40 train_l1=0.06232 val_l1=0.06052 val_psnr=21.331 val_ssim=0.6515 elapsed=2.6m
[15:06:21]   ep22 step50/50 g1100 loss=0.06231 lr=1.00e-04 0.15s/it
[15:06:21] epoch 22/40 train_l1=0.06231 val_l1=0.05836 val_psnr=21.618 val_ssim=0.6555 elapsed=2.7m
[15:06:28]   ep23 step50/50 g1150 loss=0.06221 lr=9.13e-05 0.15s/it
[15:06:28] epoch 23/40 train_l1=0.06221 val_l1=0.05997 val_psnr=21.437 val_ssim=0.6568 elapsed=2.8m
[15:06:35]   ep24 step50/50 g1200 loss=0.06240 lr=8.26e-05 0.15s/it
[15:06:35] epoch 24/40 train_l1=0.06240 val_l1=0.06087 val_psnr=21.320 val_ssim=0.6536 elapsed=2.9m
[15:06:42]   ep25 step50/50 g1250 loss=0.05955 lr=7.41e-05 0.15s/it
[15:06:43] epoch 25/40 train_l1=0.05955 val_l1=0.06117 val_psnr=21.445 val_ssim=0.6587 elapsed=3.0m
[15:06:50]   ep26 step50/50 g1300 loss=0.06031 lr=6.58e-05 0.15s/it
[15:06:50] epoch 26/40 train_l1=0.06031 val_l1=0.05720 val_psnr=21.716 val_ssim=0.6602 elapsed=3.2m
[15:06:57]   ep27 step50/50 g1350 loss=0.05932 lr=5.77e-05 0.15s/it
[15:06:57] epoch 27/40 train_l1=0.05932 val_l1=0.05668 val_psnr=21.793 val_ssim=0.6625 elapsed=3.3m
[15:07:04]   ep28 step50/50 g1400 loss=0.05792 lr=5.00e-05 0.15s/it
[15:07:04] epoch 28/40 train_l1=0.05792 val_l1=0.05865 val_psnr=21.567 val_ssim=0.6610 elapsed=3.4m
[15:07:11]   ep29 step50/50 g1450 loss=0.05720 lr=4.26e-05 0.15s/it
[15:07:12] epoch 29/40 train_l1=0.05720 val_l1=0.05866 val_psnr=21.613 val_ssim=0.6606 elapsed=3.5m
[15:07:19]   ep30 step50/50 g1500 loss=0.05663 lr=3.57e-05 0.15s/it
[15:07:19] epoch 30/40 train_l1=0.05663 val_l1=0.05811 val_psnr=21.706 val_ssim=0.6631 elapsed=3.6m
[15:07:26]   ep31 step50/50 g1550 loss=0.05745 lr=2.93e-05 0.15s/it
[15:07:26] epoch 31/40 train_l1=0.05745 val_l1=0.05629 val_psnr=21.822 val_ssim=0.6665 elapsed=3.8m
[15:07:33]   ep32 step50/50 g1600 loss=0.05615 lr=2.34e-05 0.15s/it
[15:07:33] epoch 32/40 train_l1=0.05615 val_l1=0.05613 val_psnr=21.823 val_ssim=0.6682 elapsed=3.9m
[15:07:40]   ep33 step50/50 g1650 loss=0.05518 lr=1.81e-05 0.14s/it
[15:07:40] epoch 33/40 train_l1=0.05518 val_l1=0.05543 val_psnr=21.955 val_ssim=0.6676 elapsed=4.0m
[15:07:47]   ep34 step50/50 g1700 loss=0.05514 lr=1.34e-05 0.14s/it
[15:07:48] epoch 34/40 train_l1=0.05514 val_l1=0.05507 val_psnr=21.937 val_ssim=0.6688 elapsed=4.1m
[15:07:54]   ep35 step50/50 g1750 loss=0.05422 lr=9.37e-06 0.14s/it
[15:07:55] epoch 35/40 train_l1=0.05422 val_l1=0.05477 val_psnr=21.977 val_ssim=0.6693 elapsed=4.2m
[15:08:01]   ep36 step50/50 g1800 loss=0.05471 lr=6.03e-06 0.14s/it
[15:08:02] epoch 36/40 train_l1=0.05471 val_l1=0.05484 val_psnr=21.987 val_ssim=0.6696 elapsed=4.4m
[15:08:08]   ep37 step50/50 g1850 loss=0.05378 lr=3.41e-06 0.14s/it
[15:08:09] epoch 37/40 train_l1=0.05378 val_l1=0.05513 val_psnr=21.954 val_ssim=0.6686 elapsed=4.5m
[15:08:15]   ep38 step50/50 g1900 loss=0.05390 lr=1.52e-06 0.14s/it
[15:08:16] epoch 38/40 train_l1=0.05390 val_l1=0.05479 val_psnr=21.968 val_ssim=0.6690 elapsed=4.6m
[15:08:23]   ep39 step50/50 g1950 loss=0.05413 lr=3.81e-07 0.14s/it
[15:08:23] epoch 39/40 train_l1=0.05413 val_l1=0.05502 val_psnr=21.949 val_ssim=0.6689 elapsed=4.7m
[15:08:30]   ep40 step50/50 g2000 loss=0.05343 lr=0.00e+00 0.14s/it
[15:08:30] epoch 40/40 train_l1=0.05343 val_l1=0.05478 val_psnr=21.980 val_ssim=0.6691 elapsed=4.8m
[15:08:30] DONE best_val_l1=0.05477 total=4.8m
