[15:35:55] === resnet-152 @ 224 ===
[15:35:56] resnet-152: source=microsoft/resnet-152 depths=(3, 8, 36, 3) encoder_tensors=930 matched=930 missing=0 (100% matched)
[15:35:56] params total=109.91M trainable=109.91M amp=bf16
[15:35:57] auto batch_size = 16
[15:36:13]   ep1 step50/50 g50 loss=0.16557 lr=5.10e-05 0.30s/it
[15:36:14] epoch 1/40 train_l1=0.16557 val_l1=0.13519 val_psnr=15.372 val_ssim=0.3552 elapsed=0.3m
[15:36:29]   ep2 step50/50 g100 loss=0.12722 lr=1.01e-04 0.31s/it
[15:36:30] epoch 2/40 train_l1=0.12722 val_l1=0.12246 val_psnr=16.028 val_ssim=0.4251 elapsed=0.5m
[15:36:45]   ep3 step50/50 g150 loss=0.11596 lr=1.51e-04 0.32s/it
[15:36:46] epoch 3/40 train_l1=0.11596 val_l1=0.12851 val_psnr=15.638 val_ssim=0.4597 elapsed=0.8m
[15:37:01]   ep4 step50/50 g200 loss=0.11049 lr=2.00e-04 0.32s/it
[15:37:02] epoch 4/40 train_l1=0.11049 val_l1=0.09637 val_psnr=17.887 val_ssim=0.5291 elapsed=1.1m
[15:37:18]   ep5 step50/50 g250 loss=0.09897 lr=2.00e-04 0.32s/it
[15:37:19] epoch 5/40 train_l1=0.09897 val_l1=0.09177 val_psnr=18.357 val_ssim=0.5636 elapsed=1.4m
[15:37:35]   ep6 step50/50 g300 loss=0.09126 lr=1.98e-04 0.33s/it
[15:37:36] epoch 6/40 train_l1=0.09126 val_l1=0.09534 val_psnr=18.212 val_ssim=0.5707 elapsed=1.6m
[15:37:51]   ep7 step50/50 g350 loss=0.09193 lr=1.97e-04 0.33s/it
[15:37:52] epoch 7/40 train_l1=0.09193 val_l1=0.07937 val_psnr=19.428 val_ssim=0.5933 elapsed=1.9m
[15:38:09]   ep8 step50/50 g400 loss=0.08098 lr=1.94e-04 0.33s/it
[15:38:09] epoch 8/40 train_l1=0.08098 val_l1=0.07654 val_psnr=19.694 val_ssim=0.6063 elapsed=2.2m
[15:38:25]   ep9 step50/50 g450 loss=0.08403 lr=1.91e-04 0.33s/it
[15:38:26] epoch 9/40 train_l1=0.08403 val_l1=0.07528 val_psnr=19.783 val_ssim=0.6107 elapsed=2.5m
[15:38:42]   ep10 step50/50 g500 loss=0.07938 lr=1.87e-04 0.33s/it
[15:38:43] epoch 10/40 train_l1=0.07938 val_l1=0.08200 val_psnr=19.197 val_ssim=0.6060 elapsed=2.8m
[15:38:58]   ep11 step50/50 g550 loss=0.07648 lr=1.82e-04 0.33s/it
[15:38:59] epoch 11/40 train_l1=0.07648 val_l1=0.06865 val_psnr=20.487 val_ssim=0.6328 elapsed=3.0m
[15:39:15]   ep12 step50/50 g600 loss=0.07588 lr=1.77e-04 0.33s/it
[15:39:16] epoch 12/40 train_l1=0.07588 val_l1=0.07596 val_psnr=19.853 val_ssim=0.6244 elapsed=3.3m
[15:39:30]   ep13 step50/50 g650 loss=0.07638 lr=1.71e-04 0.33s/it
[15:39:31] epoch 13/40 train_l1=0.07638 val_l1=0.07259 val_psnr=20.166 val_ssim=0.6333 elapsed=3.6m
[15:39:46]   ep14 step50/50 g700 loss=0.07122 lr=1.64e-04 0.33s/it
[15:39:47] epoch 14/40 train_l1=0.07122 val_l1=0.06713 val_psnr=20.757 val_ssim=0.6456 elapsed=3.8m
[15:40:03]   ep15 step50/50 g750 loss=0.07028 lr=1.57e-04 0.33s/it
[15:40:04] epoch 15/40 train_l1=0.07028 val_l1=0.07115 val_psnr=20.338 val_ssim=0.6443 elapsed=4.1m
[15:40:19]   ep16 step50/50 g800 loss=0.07112 lr=1.50e-04 0.33s/it
[15:40:20] epoch 16/40 train_l1=0.07112 val_l1=0.07604 val_psnr=19.908 val_ssim=0.6426 elapsed=4.4m
[15:40:35]   ep17 step50/50 g850 loss=0.06843 lr=1.42e-04 0.33s/it
[15:40:36] epoch 17/40 train_l1=0.06843 val_l1=0.06777 val_psnr=20.675 val_ssim=0.6543 elapsed=4.6m
[15:40:51]   ep18 step50/50 g900 loss=0.06809 lr=1.34e-04 0.33s/it
[15:40:52] epoch 18/40 train_l1=0.06809 val_l1=0.06267 val_psnr=21.173 val_ssim=0.6614 elapsed=4.9m
[15:41:08]   ep19 step50/50 g950 loss=0.06632 lr=1.26e-04 0.33s/it
[15:41:09] epoch 19/40 train_l1=0.06632 val_l1=0.06440 val_psnr=21.010 val_ssim=0.6578 elapsed=5.2m
[15:41:23]   ep20 step50/50 g1000 loss=0.06649 lr=1.17e-04 0.33s/it
[15:41:24] epoch 20/40 train_l1=0.06649 val_l1=0.06318 val_psnr=21.157 val_ssim=0.6673 elapsed=5.4m
[15:41:39]   ep21 step50/50 g1050 loss=0.06381 lr=1.09e-04 0.33s/it
[15:41:40] epoch 21/40 train_l1=0.06381 val_l1=0.05963 val_psnr=21.511 val_ssim=0.6718 elapsed=5.7m
[15:41:55]   ep22 step50/50 g1100 loss=0.06422 lr=1.00e-04 0.33s/it
[15:41:56] epoch 22/40 train_l1=0.06422 val_l1=0.06529 val_psnr=20.922 val_ssim=0.6674 elapsed=6.0m
[15:42:12]   ep23 step50/50 g1150 loss=0.06221 lr=9.13e-05 0.33s/it
[15:42:12] epoch 23/40 train_l1=0.06221 val_l1=0.05881 val_psnr=21.641 val_ssim=0.6743 elapsed=6.2m
[15:42:28]   ep24 step50/50 g1200 loss=0.06145 lr=8.26e-05 0.33s/it
[15:42:29] epoch 24/40 train_l1=0.06145 val_l1=0.05903 val_psnr=21.649 val_ssim=0.6759 elapsed=6.5m
[15:42:45]   ep25 step50/50 g1250 loss=0.05977 lr=7.41e-05 0.33s/it
[15:42:46] epoch 25/40 train_l1=0.05977 val_l1=0.05868 val_psnr=21.632 val_ssim=0.6801 elapsed=6.8m
[15:43:01]   ep26 step50/50 g1300 loss=0.05906 lr=6.58e-05 0.33s/it
[15:43:02] epoch 26/40 train_l1=0.05906 val_l1=0.06061 val_psnr=21.460 val_ssim=0.6776 elapsed=7.1m
[15:43:17]   ep27 step50/50 g1350 loss=0.05939 lr=5.77e-05 0.33s/it
[15:43:18] epoch 27/40 train_l1=0.05939 val_l1=0.05766 val_psnr=21.765 val_ssim=0.6817 elapsed=7.3m
[15:43:34]   ep28 step50/50 g1400 loss=0.05870 lr=5.00e-05 0.33s/it
[15:43:35] epoch 28/40 train_l1=0.05870 val_l1=0.05735 val_psnr=21.858 val_ssim=0.6834 elapsed=7.6m
[15:43:51]   ep29 step50/50 g1450 loss=0.05789 lr=4.26e-05 0.33s/it
[15:43:52] epoch 29/40 train_l1=0.05789 val_l1=0.05711 val_psnr=21.820 val_ssim=0.6837 elapsed=7.9m
[15:44:08]   ep30 step50/50 g1500 loss=0.05666 lr=3.57e-05 0.33s/it
[15:44:09] epoch 30/40 train_l1=0.05666 val_l1=0.05648 val_psnr=21.888 val_ssim=0.6841 elapsed=8.2m
[15:44:25]   ep31 step50/50 g1550 loss=0.05667 lr=2.93e-05 0.33s/it
[15:44:25] epoch 31/40 train_l1=0.05667 val_l1=0.05711 val_psnr=21.840 val_ssim=0.6871 elapsed=8.5m
[15:44:41]   ep32 step50/50 g1600 loss=0.05642 lr=2.34e-05 0.33s/it
[15:44:41] epoch 32/40 train_l1=0.05642 val_l1=0.05653 val_psnr=21.867 val_ssim=0.6860 elapsed=8.7m
[15:44:56]   ep33 step50/50 g1650 loss=0.05683 lr=1.81e-05 0.33s/it
[15:44:57] epoch 33/40 train_l1=0.05683 val_l1=0.05618 val_psnr=21.925 val_ssim=0.6862 elapsed=9.0m
[15:45:13]   ep34 step50/50 g1700 loss=0.05562 lr=1.34e-05 0.33s/it
[15:45:14] epoch 34/40 train_l1=0.05562 val_l1=0.05557 val_psnr=21.976 val_ssim=0.6896 elapsed=9.3m
[15:45:30]   ep35 step50/50 g1750 loss=0.05496 lr=9.37e-06 0.33s/it
[15:45:31] epoch 35/40 train_l1=0.05496 val_l1=0.05527 val_psnr=22.035 val_ssim=0.6896 elapsed=9.6m
[15:45:47]   ep36 step50/50 g1800 loss=0.05471 lr=6.03e-06 0.33s/it
[15:45:48] epoch 36/40 train_l1=0.05471 val_l1=0.05507 val_psnr=22.050 val_ssim=0.6897 elapsed=9.8m
[15:46:04]   ep37 step50/50 g1850 loss=0.05419 lr=3.41e-06 0.33s/it
[15:46:05] epoch 37/40 train_l1=0.05419 val_l1=0.05504 val_psnr=22.062 val_ssim=0.6898 elapsed=10.1m
[15:46:21]   ep38 step50/50 g1900 loss=0.05389 lr=1.52e-06 0.33s/it
[15:46:21] epoch 38/40 train_l1=0.05389 val_l1=0.05502 val_psnr=22.056 val_ssim=0.6897 elapsed=10.4m
[15:46:37]   ep39 step50/50 g1950 loss=0.05452 lr=3.81e-07 0.33s/it
[15:46:38] epoch 39/40 train_l1=0.05452 val_l1=0.05521 val_psnr=22.032 val_ssim=0.6884 elapsed=10.7m
[15:46:54]   ep40 step50/50 g2000 loss=0.05497 lr=0.00e+00 0.33s/it
[15:46:54] epoch 40/40 train_l1=0.05497 val_l1=0.05497 val_psnr=22.053 val_ssim=0.6898 elapsed=10.9m
[15:46:56] DONE best_val_l1=0.05497 total=11.0m
