[15:47:04] === resnet-10 @ 448 ===
[15:47:04] resnet-10: source=microsoft/resnet-18 depths=(1, 1, 1, 1) encoder_tensors=72 matched=72 missing=0 (100% matched)
[15:47:04] params total=13.03M trainable=13.03M amp=bf16
[15:47:06] auto batch_size = 8
[15:47:19]   ep1 step50/100 g50 loss=0.17469 lr=5.10e-05 0.26s/it
[15:47:31]   ep1 step100/100 g100 loss=0.15426 lr=1.01e-04 0.26s/it
[15:47:32] epoch 1/40 train_l1=0.15426 val_l1=0.11557 val_psnr=16.455 val_ssim=0.4783 elapsed=0.4m
[15:47:45]   ep2 step50/100 g150 loss=0.12026 lr=1.51e-04 0.26s/it
[15:47:57]   ep2 step100/100 g200 loss=0.11490 lr=2.00e-04 0.26s/it
[15:47:58] epoch 2/40 train_l1=0.11490 val_l1=0.09633 val_psnr=18.140 val_ssim=0.5697 elapsed=0.9m
[15:48:10]   ep3 step50/100 g250 loss=0.10315 lr=2.00e-04 0.26s/it
[15:48:23]   ep3 step100/100 g300 loss=0.09808 lr=2.00e-04 0.26s/it
[15:48:24] epoch 3/40 train_l1=0.09808 val_l1=0.08960 val_psnr=18.694 val_ssim=0.5960 elapsed=1.3m
[15:48:36]   ep4 step50/100 g350 loss=0.08947 lr=1.99e-04 0.26s/it
[15:48:48]   ep4 step100/100 g400 loss=0.08613 lr=1.99e-04 0.26s/it
[15:48:49] epoch 4/40 train_l1=0.08613 val_l1=0.07854 val_psnr=19.640 val_ssim=0.6158 elapsed=1.7m
[15:49:02]   ep5 step50/100 g450 loss=0.08239 lr=1.98e-04 0.26s/it
[15:49:14]   ep5 step100/100 g500 loss=0.08154 lr=1.97e-04 0.26s/it
[15:49:15] epoch 5/40 train_l1=0.08154 val_l1=0.08656 val_psnr=18.934 val_ssim=0.6131 elapsed=2.2m
[15:49:27]   ep6 step50/100 g550 loss=0.08164 lr=1.96e-04 0.26s/it
[15:49:39]   ep6 step100/100 g600 loss=0.07882 lr=1.95e-04 0.26s/it
[15:49:40] epoch 6/40 train_l1=0.07882 val_l1=0.06998 val_psnr=20.583 val_ssim=0.6440 elapsed=2.6m
[15:49:52]   ep7 step50/100 g650 loss=0.07570 lr=1.93e-04 0.26s/it
[15:50:04]   ep7 step100/100 g700 loss=0.07419 lr=1.92e-04 0.25s/it
[15:50:05] epoch 7/40 train_l1=0.07419 val_l1=0.06144 val_psnr=21.399 val_ssim=0.6547 elapsed=3.0m
[15:50:18]   ep8 step50/100 g750 loss=0.07256 lr=1.90e-04 0.26s/it
[15:50:29]   ep8 step100/100 g800 loss=0.07325 lr=1.88e-04 0.25s/it
[15:50:30] epoch 8/40 train_l1=0.07325 val_l1=0.06645 val_psnr=20.879 val_ssim=0.6503 elapsed=3.4m
[15:50:42]   ep9 step50/100 g850 loss=0.07352 lr=1.86e-04 0.25s/it
[15:50:54]   ep9 step100/100 g900 loss=0.07250 lr=1.84e-04 0.25s/it
[15:50:55] epoch 9/40 train_l1=0.07250 val_l1=0.06746 val_psnr=21.008 val_ssim=0.6573 elapsed=3.8m
[15:51:07]   ep10 step50/100 g950 loss=0.07382 lr=1.81e-04 0.25s/it
[15:51:19]   ep10 step100/100 g1000 loss=0.07133 lr=1.79e-04 0.25s/it
[15:51:20] epoch 10/40 train_l1=0.07133 val_l1=0.06322 val_psnr=21.436 val_ssim=0.6583 elapsed=4.2m
[15:51:33]   ep11 step50/100 g1050 loss=0.06967 lr=1.76e-04 0.25s/it
[15:51:45]   ep11 step100/100 g1100 loss=0.06837 lr=1.74e-04 0.25s/it
[15:51:46] epoch 11/40 train_l1=0.06837 val_l1=0.05985 val_psnr=21.610 val_ssim=0.6678 elapsed=4.7m
[15:51:59]   ep12 step50/100 g1150 loss=0.06471 lr=1.71e-04 0.26s/it
[15:52:11]   ep12 step100/100 g1200 loss=0.06433 lr=1.68e-04 0.25s/it
[15:52:12] epoch 12/40 train_l1=0.06433 val_l1=0.05939 val_psnr=21.712 val_ssim=0.6704 elapsed=5.1m
[15:52:25]   ep13 step50/100 g1250 loss=0.06452 lr=1.65e-04 0.26s/it
[15:52:37]   ep13 step100/100 g1300 loss=0.06258 lr=1.61e-04 0.26s/it
[15:52:38] epoch 13/40 train_l1=0.06258 val_l1=0.06029 val_psnr=21.576 val_ssim=0.6697 elapsed=5.5m
[15:52:51]   ep14 step50/100 g1350 loss=0.06569 lr=1.58e-04 0.26s/it
[15:53:03]   ep14 step100/100 g1400 loss=0.06639 lr=1.55e-04 0.26s/it
[15:53:04] epoch 14/40 train_l1=0.06639 val_l1=0.05771 val_psnr=21.976 val_ssim=0.6765 elapsed=6.0m
[15:53:17]   ep15 step50/100 g1450 loss=0.06023 lr=1.51e-04 0.26s/it
[15:53:29]   ep15 step100/100 g1500 loss=0.06054 lr=1.48e-04 0.26s/it
[15:53:30] epoch 15/40 train_l1=0.06054 val_l1=0.05728 val_psnr=21.976 val_ssim=0.6794 elapsed=6.4m
[15:53:43]   ep16 step50/100 g1550 loss=0.05737 lr=1.44e-04 0.26s/it
[15:53:55]   ep16 step100/100 g1600 loss=0.05776 lr=1.40e-04 0.26s/it
[15:53:56] epoch 16/40 train_l1=0.05776 val_l1=0.05814 val_psnr=21.841 val_ssim=0.6819 elapsed=6.8m
[15:54:09]   ep17 step50/100 g1650 loss=0.05850 lr=1.36e-04 0.26s/it
[15:54:21]   ep17 step100/100 g1700 loss=0.05993 lr=1.32e-04 0.26s/it
[15:54:22] epoch 17/40 train_l1=0.05993 val_l1=0.05692 val_psnr=21.991 val_ssim=0.6865 elapsed=7.3m
[15:54:35]   ep18 step50/100 g1750 loss=0.05740 lr=1.29e-04 0.26s/it
[15:54:47]   ep18 step100/100 g1800 loss=0.05773 lr=1.25e-04 0.26s/it
[15:54:48] epoch 18/40 train_l1=0.05773 val_l1=0.05191 val_psnr=22.550 val_ssim=0.6900 elapsed=7.7m
[15:55:01]   ep19 step50/100 g1850 loss=0.05724 lr=1.21e-04 0.26s/it
[15:55:14]   ep19 step100/100 g1900 loss=0.05806 lr=1.16e-04 0.26s/it
[15:55:15] epoch 19/40 train_l1=0.05806 val_l1=0.05792 val_psnr=21.811 val_ssim=0.6876 elapsed=8.2m
[15:55:27]   ep20 step50/100 g1950 loss=0.05645 lr=1.12e-04 0.26s/it
[15:55:39]   ep20 step100/100 g2000 loss=0.05636 lr=1.08e-04 0.26s/it
[15:55:40] epoch 20/40 train_l1=0.05636 val_l1=0.05227 val_psnr=22.563 val_ssim=0.6930 elapsed=8.6m
[15:55:53]   ep21 step50/100 g2050 loss=0.05692 lr=1.04e-04 0.26s/it
[15:56:05]   ep21 step100/100 g2100 loss=0.05549 lr=1.00e-04 0.26s/it
[15:56:06] epoch 21/40 train_l1=0.05549 val_l1=0.05380 val_psnr=22.533 val_ssim=0.6913 elapsed=9.0m
[15:56:19]   ep22 step50/100 g2150 loss=0.05672 lr=9.59e-05 0.26s/it
[15:56:31]   ep22 step100/100 g2200 loss=0.05513 lr=9.17e-05 0.26s/it
[15:56:32] epoch 22/40 train_l1=0.05513 val_l1=0.05732 val_psnr=22.212 val_ssim=0.6892 elapsed=9.4m
[15:56:44]   ep23 step50/100 g2250 loss=0.05258 lr=8.76e-05 0.26s/it
[15:56:57]   ep23 step100/100 g2300 loss=0.05293 lr=8.35e-05 0.26s/it
[15:56:58] epoch 23/40 train_l1=0.05293 val_l1=0.05181 val_psnr=22.640 val_ssim=0.7006 elapsed=9.9m
[15:57:10]   ep24 step50/100 g2350 loss=0.05411 lr=7.95e-05 0.26s/it
[15:57:22]   ep24 step100/100 g2400 loss=0.05525 lr=7.55e-05 0.26s/it
[15:57:23] epoch 24/40 train_l1=0.05525 val_l1=0.04867 val_psnr=22.969 val_ssim=0.7000 elapsed=10.3m
[15:57:36]   ep25 step50/100 g2450 loss=0.05134 lr=7.15e-05 0.26s/it
[15:57:48]   ep25 step100/100 g2500 loss=0.05188 lr=6.75e-05 0.26s/it
[15:57:49] epoch 25/40 train_l1=0.05188 val_l1=0.04815 val_psnr=23.016 val_ssim=0.7030 elapsed=10.7m
[15:58:02]   ep26 step50/100 g2550 loss=0.05127 lr=6.36e-05 0.26s/it
[15:58:14]   ep26 step100/100 g2600 loss=0.05136 lr=5.98e-05 0.26s/it
[15:58:15] epoch 26/40 train_l1=0.05136 val_l1=0.04882 val_psnr=22.939 val_ssim=0.7021 elapsed=11.2m
[15:58:28]   ep27 step50/100 g2650 loss=0.05194 lr=5.61e-05 0.26s/it
[15:58:40]   ep27 step100/100 g2700 loss=0.05236 lr=5.24e-05 0.26s/it
[15:58:41] epoch 27/40 train_l1=0.05236 val_l1=0.04841 val_psnr=23.026 val_ssim=0.7030 elapsed=11.6m
[15:58:53]   ep28 step50/100 g2750 loss=0.05173 lr=4.88e-05 0.26s/it
[15:59:06]   ep28 step100/100 g2800 loss=0.05039 lr=4.53e-05 0.26s/it
[15:59:07] epoch 28/40 train_l1=0.05039 val_l1=0.04881 val_psnr=23.017 val_ssim=0.7048 elapsed=12.0m
[15:59:19]   ep29 step50/100 g2850 loss=0.04993 lr=4.19e-05 0.26s/it
[15:59:31]   ep29 step100/100 g2900 loss=0.04987 lr=3.86e-05 0.26s/it
[15:59:32] epoch 29/40 train_l1=0.04987 val_l1=0.04670 val_psnr=23.159 val_ssim=0.7059 elapsed=12.4m
[15:59:45]   ep30 step50/100 g2950 loss=0.04932 lr=3.54e-05 0.26s/it
[15:59:57]   ep30 step100/100 g3000 loss=0.04918 lr=3.23e-05 0.26s/it
[15:59:58] epoch 30/40 train_l1=0.04918 val_l1=0.04665 val_psnr=23.203 val_ssim=0.7076 elapsed=12.9m
[16:00:11]   ep31 step50/100 g3050 loss=0.04886 lr=2.93e-05 0.26s/it
[16:00:23]   ep31 step100/100 g3100 loss=0.04846 lr=2.64e-05 0.26s/it
[16:00:24] epoch 31/40 train_l1=0.04846 val_l1=0.04749 val_psnr=23.099 val_ssim=0.7068 elapsed=13.3m
[16:00:36]   ep32 step50/100 g3150 loss=0.04773 lr=2.37e-05 0.26s/it
[16:00:48]   ep32 step100/100 g3200 loss=0.04824 lr=2.11e-05 0.26s/it
[16:00:49] epoch 32/40 train_l1=0.04824 val_l1=0.04672 val_psnr=23.206 val_ssim=0.7083 elapsed=13.7m
[16:01:02]   ep33 step50/100 g3250 loss=0.04894 lr=1.86e-05 0.26s/it
[16:01:14]   ep33 step100/100 g3300 loss=0.04812 lr=1.63e-05 0.26s/it
[16:01:15] epoch 33/40 train_l1=0.04812 val_l1=0.04719 val_psnr=23.162 val_ssim=0.7103 elapsed=14.2m
[16:01:28]   ep34 step50/100 g3350 loss=0.04873 lr=1.41e-05 0.26s/it
[16:01:40]   ep34 step100/100 g3400 loss=0.04777 lr=1.21e-05 0.26s/it
[16:01:41] epoch 34/40 train_l1=0.04777 val_l1=0.04593 val_psnr=23.253 val_ssim=0.7114 elapsed=14.6m
[16:01:54]   ep35 step50/100 g3450 loss=0.04721 lr=1.02e-05 0.26s/it
[16:02:06]   ep35 step100/100 g3500 loss=0.04761 lr=8.42e-06 0.26s/it
[16:02:07] epoch 35/40 train_l1=0.04761 val_l1=0.04596 val_psnr=23.298 val_ssim=0.7104 elapsed=15.0m
[16:02:19]   ep36 step50/100 g3550 loss=0.04817 lr=6.84e-06 0.26s/it
[16:02:31]   ep36 step100/100 g3600 loss=0.04707 lr=5.42e-06 0.26s/it
[16:02:32] epoch 36/40 train_l1=0.04707 val_l1=0.04589 val_psnr=23.275 val_ssim=0.7111 elapsed=15.4m
[16:02:45]   ep37 step50/100 g3650 loss=0.04676 lr=4.16e-06 0.26s/it
[16:02:57]   ep37 step100/100 g3700 loss=0.04715 lr=3.06e-06 0.26s/it
[16:02:58] epoch 37/40 train_l1=0.04715 val_l1=0.04580 val_psnr=23.285 val_ssim=0.7111 elapsed=15.9m
[16:03:11]   ep38 step50/100 g3750 loss=0.04662 lr=2.13e-06 0.26s/it
[16:03:23]   ep38 step100/100 g3800 loss=0.04684 lr=1.36e-06 0.26s/it
[16:03:24] epoch 38/40 train_l1=0.04684 val_l1=0.04569 val_psnr=23.311 val_ssim=0.7120 elapsed=16.3m
[16:03:37]   ep39 step50/100 g3850 loss=0.04687 lr=7.68e-07 0.26s/it
[16:03:49]   ep39 step100/100 g3900 loss=0.04661 lr=3.42e-07 0.26s/it
[16:03:50] epoch 39/40 train_l1=0.04661 val_l1=0.04589 val_psnr=23.279 val_ssim=0.7111 elapsed=16.7m
[16:04:03]   ep40 step50/100 g3950 loss=0.04608 lr=8.54e-08 0.26s/it
[16:04:15]   ep40 step100/100 g4000 loss=0.04675 lr=0.00e+00 0.26s/it
[16:04:16] epoch 40/40 train_l1=0.04675 val_l1=0.04557 val_psnr=23.305 val_ssim=0.7107 elapsed=17.2m
[16:04:16] DONE best_val_l1=0.04557 total=17.2m
