[16:41:08] === resnet-50 @ 448 ===
[16:41:09] resnet-50: source=microsoft/resnet-50 depths=(3, 4, 6, 3) encoder_tensors=318 matched=318 missing=0 (100% matched)
[16:41:09] params total=66.59M trainable=66.59M amp=bf16
[16:41:11] auto batch_size = 8
[16:41:28]   ep1 step50/100 g50 loss=0.17331 lr=5.10e-05 0.36s/it
[16:41:45]   ep1 step100/100 g100 loss=0.15193 lr=1.01e-04 0.35s/it
[16:41:47] epoch 1/40 train_l1=0.15193 val_l1=0.13768 val_psnr=14.956 val_ssim=0.4473 elapsed=0.6m
[16:42:05]   ep2 step50/100 g150 loss=0.11865 lr=1.51e-04 0.36s/it
[16:42:22]   ep2 step100/100 g200 loss=0.11315 lr=2.00e-04 0.36s/it
[16:42:23] epoch 2/40 train_l1=0.11315 val_l1=0.11101 val_psnr=17.005 val_ssim=0.5471 elapsed=1.2m
[16:42:42]   ep3 step50/100 g250 loss=0.11047 lr=2.00e-04 0.36s/it
[16:42:59]   ep3 step100/100 g300 loss=0.10353 lr=2.00e-04 0.36s/it
[16:43:00] epoch 3/40 train_l1=0.10353 val_l1=0.08581 val_psnr=18.908 val_ssim=0.5838 elapsed=1.8m
[16:43:19]   ep4 step50/100 g350 loss=0.09370 lr=1.99e-04 0.37s/it
[16:43:36]   ep4 step100/100 g400 loss=0.08981 lr=1.99e-04 0.36s/it
[16:43:37] epoch 4/40 train_l1=0.08981 val_l1=0.08469 val_psnr=19.127 val_ssim=0.6085 elapsed=2.4m
[16:43:55]   ep5 step50/100 g450 loss=0.08247 lr=1.98e-04 0.37s/it
[16:44:12]   ep5 step100/100 g500 loss=0.08156 lr=1.97e-04 0.36s/it
[16:44:13] epoch 5/40 train_l1=0.08156 val_l1=0.07200 val_psnr=20.393 val_ssim=0.6290 elapsed=3.0m
[16:44:32]   ep6 step50/100 g550 loss=0.07776 lr=1.96e-04 0.37s/it
[16:44:48]   ep6 step100/100 g600 loss=0.08137 lr=1.95e-04 0.36s/it
[16:44:50] epoch 6/40 train_l1=0.08137 val_l1=0.06910 val_psnr=20.545 val_ssim=0.6350 elapsed=3.7m
[16:45:08]   ep7 step50/100 g650 loss=0.07844 lr=1.93e-04 0.37s/it
[16:45:25]   ep7 step100/100 g700 loss=0.07676 lr=1.92e-04 0.36s/it
[16:45:26] epoch 7/40 train_l1=0.07676 val_l1=0.07648 val_psnr=19.879 val_ssim=0.6478 elapsed=4.3m
[16:45:44]   ep8 step50/100 g750 loss=0.07716 lr=1.90e-04 0.36s/it
[16:46:01]   ep8 step100/100 g800 loss=0.07534 lr=1.88e-04 0.36s/it
[16:46:02] epoch 8/40 train_l1=0.07534 val_l1=0.06396 val_psnr=21.209 val_ssim=0.6566 elapsed=4.9m
[16:46:21]   ep9 step50/100 g850 loss=0.07564 lr=1.86e-04 0.36s/it
[16:46:37]   ep9 step100/100 g900 loss=0.07341 lr=1.84e-04 0.36s/it
[16:46:39] epoch 9/40 train_l1=0.07341 val_l1=0.06596 val_psnr=20.933 val_ssim=0.6584 elapsed=5.5m
[16:46:56]   ep10 step50/100 g950 loss=0.06961 lr=1.81e-04 0.36s/it
[16:47:13]   ep10 step100/100 g1000 loss=0.06955 lr=1.79e-04 0.36s/it
[16:47:14] epoch 10/40 train_l1=0.06955 val_l1=0.06737 val_psnr=20.849 val_ssim=0.6655 elapsed=6.1m
[16:47:32]   ep11 step50/100 g1050 loss=0.06785 lr=1.76e-04 0.36s/it
[16:47:49]   ep11 step100/100 g1100 loss=0.06825 lr=1.74e-04 0.36s/it
[16:47:50] epoch 11/40 train_l1=0.06825 val_l1=0.06526 val_psnr=21.119 val_ssim=0.6702 elapsed=6.7m
[16:48:08]   ep12 step50/100 g1150 loss=0.06710 lr=1.71e-04 0.36s/it
[16:48:24]   ep12 step100/100 g1200 loss=0.06580 lr=1.68e-04 0.36s/it
[16:48:26] epoch 12/40 train_l1=0.06580 val_l1=0.06341 val_psnr=21.346 val_ssim=0.6787 elapsed=7.3m
[16:48:44]   ep13 step50/100 g1250 loss=0.06539 lr=1.65e-04 0.36s/it
[16:49:01]   ep13 step100/100 g1300 loss=0.06486 lr=1.61e-04 0.36s/it
[16:49:02] epoch 13/40 train_l1=0.06486 val_l1=0.05900 val_psnr=21.772 val_ssim=0.6828 elapsed=7.9m
[16:49:20]   ep14 step50/100 g1350 loss=0.06627 lr=1.58e-04 0.36s/it
[16:49:37]   ep14 step100/100 g1400 loss=0.06529 lr=1.55e-04 0.36s/it
[16:49:38] epoch 14/40 train_l1=0.06529 val_l1=0.05939 val_psnr=21.807 val_ssim=0.6854 elapsed=8.5m
[16:49:56]   ep15 step50/100 g1450 loss=0.06199 lr=1.51e-04 0.36s/it
[16:50:13]   ep15 step100/100 g1500 loss=0.06211 lr=1.48e-04 0.36s/it
[16:50:14] epoch 15/40 train_l1=0.06211 val_l1=0.05690 val_psnr=21.973 val_ssim=0.6920 elapsed=9.1m
[16:50:32]   ep16 step50/100 g1550 loss=0.06444 lr=1.44e-04 0.36s/it
[16:50:49]   ep16 step100/100 g1600 loss=0.06295 lr=1.40e-04 0.36s/it
[16:50:51] epoch 16/40 train_l1=0.06295 val_l1=0.06125 val_psnr=21.472 val_ssim=0.6875 elapsed=9.7m
[16:51:08]   ep17 step50/100 g1650 loss=0.06153 lr=1.36e-04 0.36s/it
[16:51:25]   ep17 step100/100 g1700 loss=0.06094 lr=1.32e-04 0.36s/it
[16:51:26] epoch 17/40 train_l1=0.06094 val_l1=0.05438 val_psnr=22.321 val_ssim=0.6961 elapsed=10.3m
[16:51:45]   ep18 step50/100 g1750 loss=0.05962 lr=1.29e-04 0.36s/it
[16:52:01]   ep18 step100/100 g1800 loss=0.05880 lr=1.25e-04 0.36s/it
[16:52:03] epoch 18/40 train_l1=0.05880 val_l1=0.06018 val_psnr=21.653 val_ssim=0.6998 elapsed=10.9m
[16:52:20]   ep19 step50/100 g1850 loss=0.05947 lr=1.21e-04 0.36s/it
[16:52:37]   ep19 step100/100 g1900 loss=0.05814 lr=1.16e-04 0.36s/it
[16:52:39] epoch 19/40 train_l1=0.05814 val_l1=0.05387 val_psnr=22.380 val_ssim=0.7020 elapsed=11.5m
[16:52:57]   ep20 step50/100 g1950 loss=0.05990 lr=1.12e-04 0.36s/it
[16:53:14]   ep20 step100/100 g2000 loss=0.05857 lr=1.08e-04 0.36s/it
[16:53:15] epoch 20/40 train_l1=0.05857 val_l1=0.05358 val_psnr=22.483 val_ssim=0.7032 elapsed=12.1m
[16:53:33]   ep21 step50/100 g2050 loss=0.05614 lr=1.04e-04 0.36s/it
[16:53:50]   ep21 step100/100 g2100 loss=0.05663 lr=1.00e-04 0.36s/it
[16:53:51] epoch 21/40 train_l1=0.05663 val_l1=0.05294 val_psnr=22.528 val_ssim=0.7060 elapsed=12.7m
[16:54:09]   ep22 step50/100 g2150 loss=0.05657 lr=9.59e-05 0.36s/it
[16:54:26]   ep22 step100/100 g2200 loss=0.05713 lr=9.17e-05 0.36s/it
[16:54:27] epoch 22/40 train_l1=0.05713 val_l1=0.05661 val_psnr=22.177 val_ssim=0.7028 elapsed=13.3m
[16:54:45]   ep23 step50/100 g2250 loss=0.05449 lr=8.76e-05 0.36s/it
[16:55:02]   ep23 step100/100 g2300 loss=0.05503 lr=8.35e-05 0.36s/it
[16:55:03] epoch 23/40 train_l1=0.05503 val_l1=0.05247 val_psnr=22.543 val_ssim=0.7073 elapsed=13.9m
[16:55:21]   ep24 step50/100 g2350 loss=0.05623 lr=7.95e-05 0.36s/it
[16:55:38]   ep24 step100/100 g2400 loss=0.05559 lr=7.55e-05 0.36s/it
[16:55:39] epoch 24/40 train_l1=0.05559 val_l1=0.05092 val_psnr=22.764 val_ssim=0.7101 elapsed=14.5m
[16:55:58]   ep25 step50/100 g2450 loss=0.05475 lr=7.15e-05 0.36s/it
[16:56:14]   ep25 step100/100 g2500 loss=0.05402 lr=6.75e-05 0.36s/it
[16:56:16] epoch 25/40 train_l1=0.05402 val_l1=0.05392 val_psnr=22.514 val_ssim=0.7080 elapsed=15.1m
[16:56:33]   ep26 step50/100 g2550 loss=0.05659 lr=6.36e-05 0.36s/it
[16:56:50]   ep26 step100/100 g2600 loss=0.05413 lr=5.98e-05 0.36s/it
[16:56:51] epoch 26/40 train_l1=0.05413 val_l1=0.05167 val_psnr=22.658 val_ssim=0.7151 elapsed=15.7m
[16:57:09]   ep27 step50/100 g2650 loss=0.05342 lr=5.61e-05 0.36s/it
[16:57:26]   ep27 step100/100 g2700 loss=0.05315 lr=5.24e-05 0.36s/it
[16:57:27] epoch 27/40 train_l1=0.05315 val_l1=0.05392 val_psnr=22.381 val_ssim=0.7114 elapsed=16.3m
[16:57:45]   ep28 step50/100 g2750 loss=0.05322 lr=4.88e-05 0.36s/it
[16:58:02]   ep28 step100/100 g2800 loss=0.05239 lr=4.53e-05 0.36s/it
[16:58:03] epoch 28/40 train_l1=0.05239 val_l1=0.05121 val_psnr=22.795 val_ssim=0.7128 elapsed=16.9m
[16:58:21]   ep29 step50/100 g2850 loss=0.05128 lr=4.19e-05 0.36s/it
[16:58:38]   ep29 step100/100 g2900 loss=0.05162 lr=3.86e-05 0.36s/it
[16:58:39] epoch 29/40 train_l1=0.05162 val_l1=0.04882 val_psnr=22.988 val_ssim=0.7174 elapsed=17.5m
[16:58:57]   ep30 step50/100 g2950 loss=0.05203 lr=3.54e-05 0.36s/it
[16:59:14]   ep30 step100/100 g3000 loss=0.05130 lr=3.23e-05 0.36s/it
[16:59:16] epoch 30/40 train_l1=0.05130 val_l1=0.04993 val_psnr=22.897 val_ssim=0.7168 elapsed=18.1m
[16:59:33]   ep31 step50/100 g3050 loss=0.05127 lr=2.93e-05 0.36s/it
[16:59:50]   ep31 step100/100 g3100 loss=0.05059 lr=2.64e-05 0.36s/it
[16:59:52] epoch 31/40 train_l1=0.05059 val_l1=0.04863 val_psnr=23.042 val_ssim=0.7185 elapsed=18.7m
[17:00:10]   ep32 step50/100 g3150 loss=0.04887 lr=2.37e-05 0.36s/it
[17:00:27]   ep32 step100/100 g3200 loss=0.04953 lr=2.11e-05 0.36s/it
[17:00:28] epoch 32/40 train_l1=0.04953 val_l1=0.04860 val_psnr=23.052 val_ssim=0.7199 elapsed=19.3m
[17:00:46]   ep33 step50/100 g3250 loss=0.04966 lr=1.86e-05 0.36s/it
[17:01:03]   ep33 step100/100 g3300 loss=0.04960 lr=1.63e-05 0.36s/it
[17:01:04] epoch 33/40 train_l1=0.04960 val_l1=0.04827 val_psnr=23.064 val_ssim=0.7191 elapsed=19.9m
[17:01:22]   ep34 step50/100 g3350 loss=0.04942 lr=1.41e-05 0.36s/it
[17:01:39]   ep34 step100/100 g3400 loss=0.04940 lr=1.21e-05 0.36s/it
[17:01:40] epoch 34/40 train_l1=0.04940 val_l1=0.04787 val_psnr=23.131 val_ssim=0.7207 elapsed=20.5m
[17:01:58]   ep35 step50/100 g3450 loss=0.04832 lr=1.02e-05 0.36s/it
[17:02:15]   ep35 step100/100 g3500 loss=0.04861 lr=8.42e-06 0.36s/it
[17:02:16] epoch 35/40 train_l1=0.04861 val_l1=0.04793 val_psnr=23.118 val_ssim=0.7195 elapsed=21.1m
[17:02:34]   ep36 step50/100 g3550 loss=0.04922 lr=6.84e-06 0.36s/it
[17:02:51]   ep36 step100/100 g3600 loss=0.04902 lr=5.42e-06 0.36s/it
[17:02:52] epoch 36/40 train_l1=0.04902 val_l1=0.04804 val_psnr=23.081 val_ssim=0.7203 elapsed=21.7m
[17:03:10]   ep37 step50/100 g3650 loss=0.04740 lr=4.16e-06 0.36s/it
[17:03:27]   ep37 step100/100 g3700 loss=0.04797 lr=3.06e-06 0.36s/it
[17:03:28] epoch 37/40 train_l1=0.04797 val_l1=0.04769 val_psnr=23.140 val_ssim=0.7211 elapsed=22.3m
[17:03:47]   ep38 step50/100 g3750 loss=0.04861 lr=2.13e-06 0.36s/it
[17:04:04]   ep38 step100/100 g3800 loss=0.04866 lr=1.36e-06 0.36s/it
[17:04:05] epoch 38/40 train_l1=0.04866 val_l1=0.04749 val_psnr=23.168 val_ssim=0.7210 elapsed=22.9m
[17:04:24]   ep39 step50/100 g3850 loss=0.04848 lr=7.68e-07 0.36s/it
[17:04:41]   ep39 step100/100 g3900 loss=0.04808 lr=3.42e-07 0.36s/it
[17:04:42] epoch 39/40 train_l1=0.04808 val_l1=0.04750 val_psnr=23.151 val_ssim=0.7206 elapsed=23.5m
[17:05:00]   ep40 step50/100 g3950 loss=0.04719 lr=8.54e-08 0.36s/it
[17:05:17]   ep40 step100/100 g4000 loss=0.04807 lr=0.00e+00 0.36s/it
[17:05:18] epoch 40/40 train_l1=0.04807 val_l1=0.04748 val_psnr=23.146 val_ssim=0.7215 elapsed=24.1m
[17:05:20] DONE best_val_l1=0.04748 total=24.2m
